Copyright 1986-2022 Xilinx, Inc. All Rights Reserved. Copyright 2022-2024 Advanced Micro Devices, Inc. All Rights Reserved.
---------------------------------------------------------------------------------------------------------------------------------------------
| Tool Version : Vivado v.2024.2 (win64) Build 5239630 Fri Nov 08 22:35:27 MST 2024
| Date         : Fri Nov 21 17:20:57 2025
| Host         : aqut-13 running 64-bit major release  (build 9200)
| Command      : report_timing -file out/post_route_timing.rpt -sort_by group -max_paths 100 -path_type summary
| Design       : red_pitaya_top
| Device       : 7z010-clg400
| Speed File   : -1  PRODUCTION 1.12 2019-11-22
| Design State : Routed
---------------------------------------------------------------------------------------------------------------------------------------------

Timing Report

Startpoint                     Endpoint                       Slack(ns)     
----------------------------------------------------------------------------
i_dsp/genblk3[4].iir/y1a_reg[2]/C
                               i_dsp/genblk3[4].iir/p_ay1_reg[16]/D
                                                              -5.029        
i_dsp/genblk3[4].iir/y1a_reg[2]/C
                               i_dsp/genblk3[4].iir/p_ay1_reg[23]/D
                                                              -5.000        
i_dsp/genblk3[4].iir/y1a_reg[2]/C
                               i_dsp/genblk3[4].iir/p_ay1_reg[30]/D
                                                              -4.997        
i_dsp/genblk3[4].iir/y1a_reg[2]/C
                               i_dsp/genblk3[4].iir/p_ay1_reg[3]/D
                                                              -4.995        
i_dsp/genblk3[4].iir/y1a_reg[2]/C
                               i_dsp/genblk3[4].iir/p_ay1_reg[9]/D
                                                              -4.981        
i_dsp/genblk3[4].iir/y1a_reg[2]/C
                               i_dsp/genblk3[4].iir/p_ay1_reg[14]/D
                                                              -4.963        
i_dsp/genblk3[4].iir/y1a_reg[2]/C
                               i_dsp/genblk3[4].iir/p_ay1_reg[13]/D
                                                              -4.962        
i_dsp/genblk3[4].iir/y1a_reg[2]/C
                               i_dsp/genblk3[4].iir/p_ay1_reg[10]/D
                                                              -4.958        
i_dsp/genblk3[4].iir/y1a_reg[2]/C
                               i_dsp/genblk3[4].iir/p_ay1_reg[5]/D
                                                              -4.956        
i_dsp/genblk3[4].iir/y1a_reg[2]/C
                               i_dsp/genblk3[4].iir/p_ay1_reg[18]/D
                                                              -4.939        
i_dsp/genblk3[4].iir/y1a_reg[2]/C
                               i_dsp/genblk3[4].iir/p_ay1_reg[11]/D
                                                              -4.939        
i_dsp/genblk3[4].iir/y1a_reg[2]/C
                               i_dsp/genblk3[4].iir/p_ay1_reg[22]/D
                                                              -4.935        
i_dsp/genblk3[4].iir/y1a_reg[2]/C
                               i_dsp/genblk3[4].iir/p_ay1_reg[28]/D
                                                              -4.935        
i_dsp/genblk3[4].iir/y1a_reg[2]/C
                               i_dsp/genblk3[4].iir/p_ay1_reg[15]/D
                                                              -4.933        
i_dsp/genblk3[4].iir/y1a_reg[2]/C
                               i_dsp/genblk3[4].iir/p_ay1_reg[25]/D
                                                              -4.930        
i_dsp/genblk3[4].iir/y1a_reg[2]/C
                               i_dsp/genblk3[4].iir/p_ay1_reg[24]/D
                                                              -4.924        
i_dsp/genblk3[4].iir/y1a_reg[2]/C
                               i_dsp/genblk3[4].iir/p_ay1_reg[19]/D
                                                              -4.923        
i_dsp/genblk3[4].iir/y1a_reg[2]/C
                               i_dsp/genblk3[4].iir/p_ay1_reg[20]/D
                                                              -4.920        
i_dsp/genblk3[4].iir/y1a_reg[2]/C
                               i_dsp/genblk3[4].iir/p_ay1_reg[29]/D
                                                              -4.920        
i_dsp/genblk3[4].iir/y1a_reg[2]/C
                               i_dsp/genblk3[4].iir/p_ay1_reg[0]/D
                                                              -4.916        
i_dsp/genblk3[4].iir/y1a_reg[2]/C
                               i_dsp/genblk3[4].iir/p_ay1_reg[12]/D
                                                              -4.915        
i_dsp/genblk3[4].iir/y1a_reg[2]/C
                               i_dsp/genblk3[4].iir/p_ay1_reg[6]/D
                                                              -4.909        
i_dsp/genblk3[4].iir/y1a_reg[2]/C
                               i_dsp/genblk3[4].iir/p_ay1_reg[17]/D
                                                              -4.901        
i_dsp/genblk3[4].iir/y1a_reg[2]/C
                               i_dsp/genblk3[4].iir/p_ay1_reg[1]/D
                                                              -4.895        
i_dsp/genblk3[4].iir/y1a_reg[2]/C
                               i_dsp/genblk3[4].iir/p_ay1_reg[26]/D
                                                              -4.882        
i_dsp/genblk3[4].iir/y1a_reg[2]/C
                               i_dsp/genblk3[4].iir/overflow_reg[0]/D
                                                              -4.877        
i_dsp/genblk3[4].iir/y1a_reg[2]/C
                               i_dsp/genblk3[4].iir/p_ay1_reg[21]/D
                                                              -4.868        
i_dsp/genblk3[4].iir/x1b_reg[16]/C
                               i_dsp/genblk3[4].iir/p_bx1_reg[17]/D
                                                              -4.867        
i_dsp/genblk3[4].iir/x1b_reg[16]/C
                               i_dsp/genblk3[4].iir/p_bx1_reg[18]/D
                                                              -4.845        
i_dsp/genblk3[4].iir/x1b_reg[16]/C
                               i_dsp/genblk3[4].iir/p_bx1_reg[2]/D
                                                              -4.833        
i_dsp/genblk3[4].iir/x1b_reg[16]/C
                               i_dsp/genblk3[4].iir/p_bx1_reg[15]/D
                                                              -4.829        
i_dsp/genblk3[4].iir/y1a_reg[2]/C
                               i_dsp/genblk3[4].iir/p_ay1_reg[2]/D
                                                              -4.826        
i_dsp/genblk3[4].iir/y1a_reg[2]/C
                               i_dsp/genblk3[4].iir/p_ay1_reg[8]/D
                                                              -4.819        
i_dsp/genblk3[4].iir/y1a_reg[2]/C
                               i_dsp/genblk3[4].iir/p_ay1_reg[27]/D
                                                              -4.809        
i_dsp/genblk3[4].iir/x1b_reg[16]/C
                               i_dsp/genblk3[4].iir/p_bx1_reg[29]/D
                                                              -4.800        
i_dsp/genblk3[4].iir/x1b_reg[16]/C
                               i_dsp/genblk3[4].iir/p_bx1_reg[22]/D
                                                              -4.786        
i_dsp/genblk3[4].iir/y1a_reg[2]/C
                               i_dsp/genblk3[4].iir/p_ay1_reg[4]/D
                                                              -4.776        
i_dsp/genblk3[4].iir/y1a_reg[2]/C
                               i_dsp/genblk3[4].iir/p_ay1_reg[7]/D
                                                              -4.774        
i_dsp/genblk3[4].iir/x1b_reg[16]/C
                               i_dsp/genblk3[4].iir/p_bx1_reg[30]/D
                                                              -4.774        
i_dsp/genblk3[4].iir/x1b_reg[16]/C
                               i_dsp/genblk3[4].iir/p_bx1_reg[19]/D
                                                              -4.764        
i_dsp/genblk3[4].iir/y2a_reg[13]/C
                               i_dsp/genblk3[4].iir/p_ay2_reg[22]/D
                                                              -4.762        
i_dsp/genblk3[4].iir/x1b_reg[16]/C
                               i_dsp/genblk3[4].iir/p_bx1_reg[6]/D
                                                              -4.740        
i_dsp/genblk3[4].iir/x1b_reg[16]/C
                               i_dsp/genblk3[4].iir/p_bx1_reg[24]/D
                                                              -4.738        
i_dsp/genblk3[4].iir/x1b_reg[16]/C
                               i_dsp/genblk3[4].iir/p_bx1_reg[1]/D
                                                              -4.732        
i_dsp/genblk3[4].iir/y2a_reg[13]/C
                               i_dsp/genblk3[4].iir/p_ay2_reg[24]/D
                                                              -4.730        
i_dsp/genblk3[4].iir/y2a_reg[13]/C
                               i_dsp/genblk3[4].iir/p_ay2_reg[29]/D
                                                              -4.727        
i_dsp/genblk3[4].iir/x1b_reg[16]/C
                               i_dsp/genblk3[4].iir/p_bx1_reg[16]/D
                                                              -4.719        
i_dsp/genblk3[4].iir/x1b_reg[16]/C
                               i_dsp/genblk3[4].iir/p_bx1_reg[20]/D
                                                              -4.716        
i_dsp/genblk3[4].iir/x1b_reg[16]/C
                               i_dsp/genblk3[4].iir/p_bx1_reg[28]/D
                                                              -4.715        
i_dsp/genblk3[4].iir/y2a_reg[13]/C
                               i_dsp/genblk3[4].iir/p_ay2_reg[26]/D
                                                              -4.709        
i_dsp/genblk3[4].iir/x1b_reg[16]/C
                               i_dsp/genblk3[4].iir/p_bx1_reg[7]/D
                                                              -4.693        
i_dsp/genblk3[4].iir/x1b_reg[16]/C
                               i_dsp/genblk3[4].iir/p_bx1_reg[5]/D
                                                              -4.687        
i_dsp/genblk3[4].iir/x1b_reg[16]/C
                               i_dsp/genblk3[4].iir/p_bx1_reg[21]/D
                                                              -4.681        
i_dsp/genblk3[4].iir/x1b_reg[16]/C
                               i_dsp/genblk3[4].iir/p_bx1_reg[4]/D
                                                              -4.681        
i_dsp/genblk3[4].iir/x1b_reg[16]/C
                               i_dsp/genblk3[4].iir/p_bx1_reg[10]/D
                                                              -4.668        
i_dsp/genblk3[4].iir/x1b_reg[16]/C
                               i_dsp/genblk3[4].iir/p_bx1_reg[14]/D
                                                              -4.666        
i_dsp/genblk3[4].iir/x1b_reg[16]/C
                               i_dsp/genblk3[4].iir/p_bx1_reg[0]/D
                                                              -4.661        
i_dsp/genblk3[4].iir/x1b_reg[16]/C
                               i_dsp/genblk3[4].iir/p_bx1_reg[23]/D
                                                              -4.651        
i_dsp/genblk3[4].iir/x1b_reg[16]/C
                               i_dsp/genblk3[4].iir/p_bx1_reg[3]/D
                                                              -4.649        
i_dsp/genblk3[4].iir/x1b_reg[16]/C
                               i_dsp/genblk3[4].iir/p_bx1_reg[12]/D
                                                              -4.641        
i_dsp/genblk3[4].iir/x1b_reg[16]/C
                               i_dsp/genblk3[4].iir/p_bx1_reg[11]/D
                                                              -4.638        
i_dsp/genblk3[4].iir/y2a_reg[13]/C
                               i_dsp/genblk3[4].iir/p_ay2_reg[23]/D
                                                              -4.634        
i_dsp/genblk3[4].iir/x0b_reg[13]/C
                               i_dsp/genblk3[4].iir/p_bx0_reg[23]/D
                                                              -4.631        
i_dsp/genblk3[4].iir/x0b_reg[13]/C
                               i_dsp/genblk3[4].iir/p_bx0_reg[24]/D
                                                              -4.615        
i_dsp/genblk3[4].iir/y2a_reg[13]/C
                               i_dsp/genblk3[4].iir/p_ay2_reg[12]/D
                                                              -4.597        
i_dsp/genblk3[4].iir/y2a_reg[13]/C
                               i_dsp/genblk3[4].iir/p_ay2_reg[5]/D
                                                              -4.591        
i_dsp/genblk3[4].iir/x1b_reg[16]/C
                               i_dsp/genblk3[4].iir/p_bx1_reg[27]/D
                                                              -4.584        
i_dsp/genblk3[4].iir/y2a_reg[13]/C
                               i_dsp/genblk3[4].iir/p_ay2_reg[10]/D
                                                              -4.583        
i_dsp/genblk3[4].iir/y2a_reg[13]/C
                               i_dsp/genblk3[4].iir/p_ay2_reg[14]/D
                                                              -4.583        
i_dsp/genblk3[4].iir/y2a_reg[13]/C
                               i_dsp/genblk3[4].iir/p_ay2_reg[3]/D
                                                              -4.580        
i_dsp/genblk3[4].iir/x0b_reg[13]/C
                               i_dsp/genblk3[4].iir/p_bx0_reg[14]/D
                                                              -4.574        
i_dsp/genblk3[4].iir/y2a_reg[13]/C
                               i_dsp/genblk3[4].iir/p_ay2_reg[4]/D
                                                              -4.569        
i_dsp/genblk3[4].iir/x0b_reg[13]/C
                               i_dsp/genblk3[4].iir/p_bx0_reg[3]/D
                                                              -4.568        
i_dsp/genblk3[4].iir/x1b_reg[16]/C
                               i_dsp/genblk3[4].iir/p_bx1_reg[9]/D
                                                              -4.568        
i_dsp/genblk3[4].iir/x1b_reg[16]/C
                               i_dsp/genblk3[4].iir/p_bx1_reg[8]/D
                                                              -4.567        
i_dsp/genblk3[4].iir/x1b_reg[16]/C
                               i_dsp/genblk3[4].iir/p_bx1_reg[13]/D
                                                              -4.564        
i_dsp/genblk3[4].iir/x0b_reg[13]/C
                               i_dsp/genblk3[4].iir/p_bx0_reg[5]/D
                                                              -4.563        
i_dsp/genblk3[4].iir/y2a_reg[13]/C
                               i_dsp/genblk3[4].iir/p_ay2_reg[1]/D
                                                              -4.562        
i_dsp/genblk3[4].iir/y2a_reg[13]/C
                               i_dsp/genblk3[4].iir/p_ay2_reg[9]/D
                                                              -4.556        
i_dsp/genblk3[4].iir/y2a_reg[13]/C
                               i_dsp/genblk3[4].iir/p_ay2_reg[17]/D
                                                              -4.555        
i_dsp/genblk3[4].iir/y2a_reg[13]/C
                               i_dsp/genblk3[4].iir/overflow_reg[1]/D
                                                              -4.550        
i_dsp/genblk3[4].iir/x0b_reg[13]/C
                               i_dsp/genblk3[4].iir/p_bx0_reg[19]/D
                                                              -4.546        
i_dsp/genblk3[4].iir/x0b_reg[13]/C
                               i_dsp/genblk3[4].iir/p_bx0_reg[22]/D
                                                              -4.543        
i_dsp/genblk3[4].iir/y2a_reg[13]/C
                               i_dsp/genblk3[4].iir/p_ay2_reg[6]/D
                                                              -4.540        
i_dsp/genblk3[4].iir/y2a_reg[13]/C
                               i_dsp/genblk3[4].iir/p_ay2_reg[13]/D
                                                              -4.539        
i_dsp/genblk3[4].iir/y2a_reg[13]/C
                               i_dsp/genblk3[4].iir/p_ay2_reg[2]/D
                                                              -4.539        
i_dsp/genblk3[4].iir/x1b_reg[16]/C
                               i_dsp/genblk3[4].iir/p_bx1_reg[25]/D
                                                              -4.538        
i_dsp/genblk3[4].iir/x0b_reg[13]/C
                               i_dsp/genblk3[4].iir/p_bx0_reg[28]/D
                                                              -4.534        
i_dsp/genblk3[4].iir/x0b_reg[13]/C
                               i_dsp/genblk3[4].iir/p_bx0_reg[16]/D
                                                              -4.519        
i_dsp/genblk3[4].iir/x0b_reg[13]/C
                               i_dsp/genblk3[4].iir/p_bx0_reg[0]/D
                                                              -4.510        
i_dsp/genblk3[4].iir/x0b_reg[13]/C
                               i_dsp/genblk3[4].iir/p_bx0_reg[6]/D
                                                              -4.506        
i_dsp/genblk3[4].iir/x1b_reg[16]/C
                               i_dsp/genblk3[4].iir/p_bx1_reg[26]/D
                                                              -4.506        
i_dsp/genblk3[4].iir/x0b_reg[13]/C
                               i_dsp/genblk3[4].iir/p_bx0_reg[11]/D
                                                              -4.505        
i_dsp/genblk3[4].iir/y2a_reg[13]/C
                               i_dsp/genblk3[4].iir/p_ay2_reg[20]/D
                                                              -4.504        
i_dsp/genblk3[4].iir/x0b_reg[13]/C
                               i_dsp/genblk3[4].iir/p_bx0_reg[13]/D
                                                              -4.503        
i_dsp/genblk3[4].iir/x0b_reg[13]/C
                               i_dsp/genblk3[4].iir/p_bx0_reg[12]/D
                                                              -4.502        
i_dsp/genblk3[4].iir/x0b_reg[13]/C
                               i_dsp/genblk3[4].iir/p_bx0_reg[2]/D
                                                              -4.499        
i_dsp/genblk3[4].iir/y2a_reg[13]/C
                               i_dsp/genblk3[4].iir/p_ay2_reg[19]/D
                                                              -4.499        
i_dsp/genblk3[4].iir/y2a_reg[13]/C
                               i_dsp/genblk3[4].iir/p_ay2_reg[21]/D
                                                              -4.498        
i_dsp/genblk3[4].iir/y2a_reg[13]/C
                               i_dsp/genblk3[4].iir/p_ay2_reg[18]/D
                                                              -4.493        
i_ams/pwm_freq_div_o3_reg[6]/C pwm_gen_inst[3].pwm_inst/div_counter_reg[12]/R
                                                              -2.885        
i_ams/pwm_freq_div_o3_reg[6]/C pwm_gen_inst[3].pwm_inst/div_counter_reg[13]/R
                                                              -2.885        
i_ams/pwm_freq_div_o3_reg[6]/C pwm_gen_inst[3].pwm_inst/div_counter_reg[14]/R
                                                              -2.885        
i_ams/pwm_freq_div_o3_reg[6]/C pwm_gen_inst[3].pwm_inst/div_counter_reg[15]/R
                                                              -2.885        
i_ams/pwm_freq_div_o3_reg[6]/C pwm_gen_inst[3].pwm_inst/div_counter_reg[23]/R
                                                              -2.885        
i_ams/pwm_freq_div_o3_reg[6]/C pwm_gen_inst[3].pwm_inst/div_counter_reg[16]/R
                                                              -2.883        
i_ams/pwm_freq_div_o3_reg[6]/C pwm_gen_inst[3].pwm_inst/div_counter_reg[17]/R
                                                              -2.883        
i_ams/pwm_freq_div_o3_reg[6]/C pwm_gen_inst[3].pwm_inst/div_counter_reg[18]/R
                                                              -2.883        
i_ams/pwm_freq_div_o3_reg[6]/C pwm_gen_inst[3].pwm_inst/div_counter_reg[19]/R
                                                              -2.883        
i_ams/pwm_freq_div_o3_reg[6]/C pwm_gen_inst[3].pwm_inst/div_counter_reg[20]/R
                                                              -2.883        
i_ams/pwm_freq_div_o3_reg[6]/C pwm_gen_inst[3].pwm_inst/div_counter_reg[21]/R
                                                              -2.883        
i_ams/pwm_freq_div_o3_reg[6]/C pwm_gen_inst[3].pwm_inst/div_counter_reg[22]/R
                                                              -2.883        
i_ams/pwm_freq_div_o3_reg[6]/C pwm_gen_inst[3].pwm_inst/div_counter_reg[9]/R
                                                              -2.883        
i_ams/pwm_freq_div_o3_reg[6]/C pwm_gen_inst[3].pwm_inst/div_counter_reg[0]/R
                                                              -2.740        
i_ams/pwm_freq_div_o3_reg[6]/C pwm_gen_inst[3].pwm_inst/div_counter_reg[1]/R
                                                              -2.740        
i_ams/pwm_freq_div_o3_reg[6]/C pwm_gen_inst[3].pwm_inst/div_counter_reg[24]/R
                                                              -2.740        
i_ams/pwm_freq_div_o3_reg[6]/C pwm_gen_inst[3].pwm_inst/div_counter_reg[25]/R
                                                              -2.740        
i_ams/pwm_freq_div_o3_reg[6]/C pwm_gen_inst[3].pwm_inst/div_counter_reg[26]/R
                                                              -2.740        
i_ams/pwm_freq_div_o3_reg[6]/C pwm_gen_inst[3].pwm_inst/div_counter_reg[27]/R
                                                              -2.740        
i_ams/pwm_freq_div_o3_reg[6]/C pwm_gen_inst[3].pwm_inst/div_counter_reg[2]/R
                                                              -2.740        
i_ams/pwm_freq_div_o3_reg[6]/C pwm_gen_inst[3].pwm_inst/div_counter_reg[3]/R
                                                              -2.740        
i_ams/pwm_freq_div_o0_reg[2]/C pwm_gen_inst[0].pwm_inst/div_counter_reg[28]/R
                                                              -2.668        
i_ams/pwm_freq_div_o0_reg[2]/C pwm_gen_inst[0].pwm_inst/div_counter_reg[29]/R
                                                              -2.668        
i_ams/pwm_freq_div_o0_reg[2]/C pwm_gen_inst[0].pwm_inst/div_counter_reg[30]/R
                                                              -2.668        
i_ams/pwm_freq_div_o0_reg[2]/C pwm_gen_inst[0].pwm_inst/div_counter_reg[31]/R
                                                              -2.668        
i_ams/pwm_freq_div_o3_reg[6]/C pwm_gen_inst[3].pwm_inst/div_counter_reg[28]/R
                                                              -2.647        
i_ams/pwm_freq_div_o3_reg[6]/C pwm_gen_inst[3].pwm_inst/div_counter_reg[29]/R
                                                              -2.647        
i_ams/pwm_freq_div_o3_reg[6]/C pwm_gen_inst[3].pwm_inst/div_counter_reg[30]/R
                                                              -2.647        
i_ams/pwm_freq_div_o3_reg[6]/C pwm_gen_inst[3].pwm_inst/div_counter_reg[31]/R
                                                              -2.647        
i_ams/pwm_freq_div_o0_reg[2]/C pwm_gen_inst[0].pwm_inst/div_counter_reg[0]/R
                                                              -2.646        
i_ams/pwm_freq_div_o0_reg[2]/C pwm_gen_inst[0].pwm_inst/div_counter_reg[1]/R
                                                              -2.646        
i_ams/pwm_freq_div_o0_reg[2]/C pwm_gen_inst[0].pwm_inst/div_counter_reg[2]/R
                                                              -2.646        
i_ams/pwm_freq_div_o0_reg[2]/C pwm_gen_inst[0].pwm_inst/div_counter_reg[3]/R
                                                              -2.646        
i_ams/pwm_freq_div_o3_reg[6]/C pwm_gen_inst[3].pwm_inst/div_counter_reg[10]/R
                                                              -2.643        
i_ams/pwm_freq_div_o3_reg[6]/C pwm_gen_inst[3].pwm_inst/div_counter_reg[11]/R
                                                              -2.643        
i_ams/pwm_freq_div_o3_reg[6]/C pwm_gen_inst[3].pwm_inst/div_counter_reg[4]/R
                                                              -2.643        
i_ams/pwm_freq_div_o3_reg[6]/C pwm_gen_inst[3].pwm_inst/div_counter_reg[5]/R
                                                              -2.643        
i_ams/pwm_freq_div_o3_reg[6]/C pwm_gen_inst[3].pwm_inst/div_counter_reg[6]/R
                                                              -2.643        
i_ams/pwm_freq_div_o3_reg[6]/C pwm_gen_inst[3].pwm_inst/div_counter_reg[7]/R
                                                              -2.643        
i_ams/pwm_freq_div_o3_reg[6]/C pwm_gen_inst[3].pwm_inst/div_counter_reg[8]/R
                                                              -2.643        
i_ams/pwm_freq_div_o0_reg[2]/C pwm_gen_inst[0].pwm_inst/div_counter_reg[16]/R
                                                              -2.620        
i_ams/pwm_freq_div_o0_reg[2]/C pwm_gen_inst[0].pwm_inst/div_counter_reg[17]/R
                                                              -2.620        
i_ams/pwm_freq_div_o0_reg[2]/C pwm_gen_inst[0].pwm_inst/div_counter_reg[18]/R
                                                              -2.620        
i_ams/pwm_freq_div_o0_reg[2]/C pwm_gen_inst[0].pwm_inst/div_counter_reg[19]/R
                                                              -2.620        
i_ams/pwm_freq_div_o2_reg[5]/C pwm_gen_inst[2].pwm_inst/div_counter_reg[28]/R
                                                              -2.578        
i_ams/pwm_freq_div_o2_reg[5]/C pwm_gen_inst[2].pwm_inst/div_counter_reg[29]/R
                                                              -2.578        
i_ams/pwm_freq_div_o2_reg[5]/C pwm_gen_inst[2].pwm_inst/div_counter_reg[30]/R
                                                              -2.578        
i_ams/pwm_freq_div_o2_reg[5]/C pwm_gen_inst[2].pwm_inst/div_counter_reg[31]/R
                                                              -2.578        
i_ams/pwm_freq_div_o1_reg[2]/C pwm_gen_inst[1].pwm_inst/div_counter_reg[10]/R
                                                              -2.568        
i_ams/pwm_freq_div_o1_reg[2]/C pwm_gen_inst[1].pwm_inst/div_counter_reg[11]/R
                                                              -2.568        
i_ams/pwm_freq_div_o1_reg[2]/C pwm_gen_inst[1].pwm_inst/div_counter_reg[8]/R
                                                              -2.568        
i_ams/pwm_freq_div_o1_reg[2]/C pwm_gen_inst[1].pwm_inst/div_counter_reg[9]/R
                                                              -2.568        
i_ams/pwm_freq_div_o1_reg[2]/C pwm_gen_inst[1].pwm_inst/div_counter_reg[0]/R
                                                              -2.562        
i_ams/pwm_freq_div_o1_reg[2]/C pwm_gen_inst[1].pwm_inst/div_counter_reg[1]/R
                                                              -2.562        
i_ams/pwm_freq_div_o1_reg[2]/C pwm_gen_inst[1].pwm_inst/div_counter_reg[20]/R
                                                              -2.562        
i_ams/pwm_freq_div_o1_reg[2]/C pwm_gen_inst[1].pwm_inst/div_counter_reg[21]/R
                                                              -2.562        
i_ams/pwm_freq_div_o1_reg[2]/C pwm_gen_inst[1].pwm_inst/div_counter_reg[22]/R
                                                              -2.562        
i_ams/pwm_freq_div_o1_reg[2]/C pwm_gen_inst[1].pwm_inst/div_counter_reg[23]/R
                                                              -2.562        
i_ams/pwm_freq_div_o1_reg[2]/C pwm_gen_inst[1].pwm_inst/div_counter_reg[2]/R
                                                              -2.562        
i_ams/pwm_freq_div_o1_reg[2]/C pwm_gen_inst[1].pwm_inst/div_counter_reg[3]/R
                                                              -2.558        
i_ams/pwm_freq_div_o0_reg[2]/C pwm_gen_inst[0].pwm_inst/div_counter_reg[24]/R
                                                              -2.549        
i_ams/pwm_freq_div_o0_reg[2]/C pwm_gen_inst[0].pwm_inst/div_counter_reg[25]/R
                                                              -2.549        
i_ams/pwm_freq_div_o0_reg[2]/C pwm_gen_inst[0].pwm_inst/div_counter_reg[26]/R
                                                              -2.549        
i_ams/pwm_freq_div_o0_reg[2]/C pwm_gen_inst[0].pwm_inst/div_counter_reg[27]/R
                                                              -2.549        
i_ams/pwm_freq_div_o0_reg[2]/C pwm_gen_inst[0].pwm_inst/div_counter_reg[20]/R
                                                              -2.513        
i_ams/pwm_freq_div_o0_reg[2]/C pwm_gen_inst[0].pwm_inst/div_counter_reg[21]/R
                                                              -2.513        
i_ams/pwm_freq_div_o0_reg[2]/C pwm_gen_inst[0].pwm_inst/div_counter_reg[22]/R
                                                              -2.513        
i_ams/pwm_freq_div_o0_reg[2]/C pwm_gen_inst[0].pwm_inst/div_counter_reg[23]/R
                                                              -2.513        
i_ams/pwm_freq_div_o2_reg[5]/C pwm_gen_inst[2].pwm_inst/div_counter_reg[0]/R
                                                              -2.510        
i_ams/pwm_freq_div_o2_reg[5]/C pwm_gen_inst[2].pwm_inst/div_counter_reg[1]/R
                                                              -2.510        
i_ams/pwm_freq_div_o2_reg[5]/C pwm_gen_inst[2].pwm_inst/div_counter_reg[2]/R
                                                              -2.510        
i_ams/pwm_freq_div_o2_reg[5]/C pwm_gen_inst[2].pwm_inst/div_counter_reg[3]/R
                                                              -2.510        
i_ams/pwm_freq_div_o0_reg[2]/C pwm_gen_inst[0].pwm_inst/div_counter_reg[4]/R
                                                              -2.506        
i_ams/pwm_freq_div_o0_reg[2]/C pwm_gen_inst[0].pwm_inst/div_counter_reg[5]/R
                                                              -2.506        
i_ams/pwm_freq_div_o0_reg[2]/C pwm_gen_inst[0].pwm_inst/div_counter_reg[6]/R
                                                              -2.506        
i_ams/pwm_freq_div_o0_reg[2]/C pwm_gen_inst[0].pwm_inst/div_counter_reg[7]/R
                                                              -2.506        
i_ams/pwm_freq_div_o2_reg[5]/C pwm_gen_inst[2].pwm_inst/div_counter_reg[12]/R
                                                              -2.499        
i_ams/pwm_freq_div_o2_reg[5]/C pwm_gen_inst[2].pwm_inst/div_counter_reg[13]/R
                                                              -2.499        
i_ams/pwm_freq_div_o2_reg[5]/C pwm_gen_inst[2].pwm_inst/div_counter_reg[14]/R
                                                              -2.499        
i_ams/pwm_freq_div_o2_reg[5]/C pwm_gen_inst[2].pwm_inst/div_counter_reg[15]/R
                                                              -2.499        
i_ams/pwm_freq_div_o2_reg[5]/C pwm_gen_inst[2].pwm_inst/div_counter_reg[10]/R
                                                              -2.498        
i_ams/pwm_freq_div_o2_reg[5]/C pwm_gen_inst[2].pwm_inst/div_counter_reg[11]/R
                                                              -2.498        
i_ams/pwm_freq_div_o2_reg[5]/C pwm_gen_inst[2].pwm_inst/div_counter_reg[8]/R
                                                              -2.498        
i_ams/pwm_freq_div_o2_reg[5]/C pwm_gen_inst[2].pwm_inst/div_counter_reg[9]/R
                                                              -2.498        
i_ams/pwm_freq_div_o0_reg[2]/C pwm_gen_inst[0].pwm_inst/div_counter_reg[10]/R
                                                              -2.495        
i_ams/pwm_freq_div_o0_reg[2]/C pwm_gen_inst[0].pwm_inst/div_counter_reg[11]/R
                                                              -2.495        
i_ams/pwm_freq_div_o0_reg[2]/C pwm_gen_inst[0].pwm_inst/div_counter_reg[8]/R
                                                              -2.495        
i_ams/pwm_freq_div_o0_reg[2]/C pwm_gen_inst[0].pwm_inst/div_counter_reg[9]/R
                                                              -2.495        
i_ams/pwm_freq_div_o2_reg[5]/C pwm_gen_inst[2].pwm_inst/div_counter_reg[24]/R
                                                              -2.484        
i_ams/pwm_freq_div_o2_reg[5]/C pwm_gen_inst[2].pwm_inst/div_counter_reg[25]/R
                                                              -2.484        
i_ams/pwm_freq_div_o2_reg[5]/C pwm_gen_inst[2].pwm_inst/div_counter_reg[26]/R
                                                              -2.484        
i_ams/pwm_freq_div_o2_reg[5]/C pwm_gen_inst[2].pwm_inst/div_counter_reg[27]/R
                                                              -2.484        
i_ams/pwm_freq_div_o2_reg[5]/C pwm_gen_inst[2].pwm_inst/div_counter_reg[20]/R
                                                              -2.483        
i_ams/pwm_freq_div_o2_reg[5]/C pwm_gen_inst[2].pwm_inst/div_counter_reg[21]/R
                                                              -2.483        
i_ams/pwm_freq_div_o2_reg[5]/C pwm_gen_inst[2].pwm_inst/div_counter_reg[22]/R
                                                              -2.483        
i_ams/pwm_freq_div_o2_reg[5]/C pwm_gen_inst[2].pwm_inst/div_counter_reg[23]/R
                                                              -2.483        
i_ams/pwm_freq_div_o1_reg[2]/C pwm_gen_inst[1].pwm_inst/div_counter_reg[28]/R
                                                              -2.477        
i_ams/pwm_freq_div_o1_reg[2]/C pwm_gen_inst[1].pwm_inst/div_counter_reg[29]/R
                                                              -2.477        
i_ams/pwm_freq_div_o1_reg[2]/C pwm_gen_inst[1].pwm_inst/div_counter_reg[30]/R
                                                              -2.477        
i_ams/pwm_freq_div_o1_reg[2]/C pwm_gen_inst[1].pwm_inst/div_counter_reg[31]/R
                                                              -2.477        
i_ps/system_i/system_i/xadc/inst/AXI_LITE_IPIF_I/I_SLAVE_ATTACHMENT/INCLUDE_DPHASE_TIMER.dpto_cnt_reg[6]/C
                               i_ps/system_i/system_i/axi_protocol_converter_0/inst/gen_axilite.gen_b2s_conv.axilite_b2s/RD.ar_channel_0/cmd_translator_0/incr_cmd_0/axaddr_incr_reg[9]/D
                                                              0.007         
i_ps/system_i/system_i/axi_protocol_converter_0/inst/gen_axilite.gen_b2s_conv.axilite_b2s/SI_REG/ar.ar_pipe/m_payload_i_reg[6]/C
                               i_ps/system_i/system_i/xadc/inst/AXI_LITE_IPIF_I/I_SLAVE_ATTACHMENT/I_DECODER/GEN_BKEND_CE_REGISTERS[18].ce_out_i_reg[18]/D
                                                              0.050         
i_ps/system_i/system_i/axi_protocol_converter_0/inst/gen_axilite.gen_b2s_conv.axilite_b2s/SI_REG/ar.ar_pipe/m_payload_i_reg[6]/C
                               i_ps/system_i/system_i/xadc/inst/AXI_LITE_IPIF_I/I_SLAVE_ATTACHMENT/I_DECODER/GEN_BKEND_CE_REGISTERS[15].ce_out_i_reg[15]/D
                                                              0.115         
i_ps/system_i/system_i/axi_protocol_converter_0/inst/gen_axilite.gen_b2s_conv.axilite_b2s/SI_REG/ar.ar_pipe/m_payload_i_reg[6]/C
                               i_ps/system_i/system_i/xadc/inst/AXI_LITE_IPIF_I/I_SLAVE_ATTACHMENT/I_DECODER/GEN_BKEND_CE_REGISTERS[13].ce_out_i_reg[13]/D
                                                              0.119         
i_ps/system_i/system_i/axi_protocol_converter_0/inst/gen_axilite.gen_b2s_conv.axilite_b2s/SI_REG/aw.aw_pipe/m_payload_i_reg[39]/C
                               i_ps/system_i/system_i/axi_protocol_converter_0/inst/gen_axilite.gen_b2s_conv.axilite_b2s/WR.b_channel_0/bid_fifo_0/cnt_read_reg[1]/D
                                                              0.127         
i_ps/system_i/system_i/axi_protocol_converter_0/inst/gen_axilite.gen_b2s_conv.axilite_b2s/SI_REG/ar.ar_pipe/m_payload_i_reg[6]/C
                               i_ps/system_i/system_i/xadc/inst/AXI_LITE_IPIF_I/I_SLAVE_ATTACHMENT/I_DECODER/GEN_BKEND_CE_REGISTERS[16].ce_out_i_reg[16]/D
                                                              0.160         
i_ps/system_i/system_i/axi_protocol_converter_0/inst/gen_axilite.gen_b2s_conv.axilite_b2s/SI_REG/aw.aw_pipe/m_payload_i_reg[39]/C
                               i_ps/system_i/system_i/axi_protocol_converter_0/inst/gen_axilite.gen_b2s_conv.axilite_b2s/WR.aw_channel_0/cmd_translator_0/incr_cmd_0/axaddr_incr_reg[8]/D
                                                              0.161         
i_ps/system_i/system_i/processing_system7/inst/PS7_i/MAXIGP1ACLK
                               i_ps/system_i/system_i/xadc/inst/SOFT_RESET_I/reset_trig_reg/D
                                                              0.166         
i_ps/system_i/system_i/axi_protocol_converter_0/inst/gen_axilite.gen_b2s_conv.axilite_b2s/RD.r_channel_0/rd_data_fifo_0/cnt_read_reg[0]/C
                               i_ps/system_i/system_i/axi_protocol_converter_0/inst/gen_axilite.gen_b2s_conv.axilite_b2s/RD.r_channel_0/rd_data_fifo_0/cnt_read_reg[0]/CE
                                                              0.169         
i_ps/system_i/system_i/axi_protocol_converter_0/inst/gen_axilite.gen_b2s_conv.axilite_b2s/WR.aw_channel_0/cmd_translator_0/wrap_cmd_0/sel_first_reg/C
                               i_ps/system_i/system_i/xadc/inst/AXI_XADC_CORE_I/XADC_INST/DADDR[6]
                                                              0.177         
i_ps/system_i/system_i/xadc/inst/AXI_LITE_IPIF_I/I_SLAVE_ATTACHMENT/INCLUDE_DPHASE_TIMER.dpto_cnt_reg[6]/C
                               i_ps/system_i/system_i/axi_protocol_converter_0/inst/gen_axilite.gen_b2s_conv.axilite_b2s/RD.ar_channel_0/cmd_translator_0/incr_cmd_0/axaddr_incr_reg[4]/D
                                                              0.183         
i_ps/system_i/system_i/axi_protocol_converter_0/inst/gen_axilite.gen_b2s_conv.axilite_b2s/SI_REG/ar.ar_pipe/m_payload_i_reg[6]/C
                               i_ps/system_i/system_i/xadc/inst/AXI_XADC_CORE_I/XADC_INST/DADDR[4]
                                                              0.184         
i_ps/system_i/system_i/axi_protocol_converter_0/inst/gen_axilite.gen_b2s_conv.axilite_b2s/WR.b_channel_0/bresp_fifo_0/cnt_read_reg[0]/C
                               i_ps/system_i/system_i/xadc/inst/AXI_LITE_IPIF_I/I_SLAVE_ATTACHMENT/INCLUDE_DPHASE_TIMER.dpto_cnt_reg[6]/CE
                                                              0.185         
i_ps/system_i/system_i/axi_protocol_converter_0/inst/gen_axilite.gen_b2s_conv.axilite_b2s/SI_REG/ar.ar_pipe/m_payload_i_reg[6]/C
                               i_ps/system_i/system_i/xadc/inst/AXI_LITE_IPIF_I/I_SLAVE_ATTACHMENT/I_DECODER/GEN_BKEND_CE_REGISTERS[17].ce_out_i_reg[17]/D
                                                              0.195         
i_ps/system_i/system_i/axi_protocol_converter_0/inst/gen_axilite.gen_b2s_conv.axilite_b2s/SI_REG/ar.ar_pipe/m_payload_i_reg[6]/C
                               i_ps/system_i/system_i/xadc/inst/AXI_LITE_IPIF_I/I_SLAVE_ATTACHMENT/I_DECODER/GEN_BKEND_CE_REGISTERS[12].ce_out_i_reg[12]/D
                                                              0.196         
i_ps/system_i/system_i/axi_protocol_converter_0/inst/gen_axilite.gen_b2s_conv.axilite_b2s/SI_REG/ar.ar_pipe/m_payload_i_reg[6]/C
                               i_ps/system_i/system_i/xadc/inst/AXI_LITE_IPIF_I/I_SLAVE_ATTACHMENT/I_DECODER/GEN_BKEND_CE_REGISTERS[23].ce_out_i_reg[23]/D
                                                              0.204         
i_ps/system_i/system_i/axi_protocol_converter_0/inst/gen_axilite.gen_b2s_conv.axilite_b2s/SI_REG/aw.aw_pipe/m_payload_i_reg[7]/C
                               i_ps/system_i/system_i/xadc/inst/AXI_LITE_IPIF_I/I_SLAVE_ATTACHMENT/I_DECODER/GEN_BKEND_CE_REGISTERS[6].ce_out_i_reg[6]/D
                                                              0.212         
i_ps/system_i/system_i/axi_protocol_converter_0/inst/gen_axilite.gen_b2s_conv.axilite_b2s/SI_REG/ar.ar_pipe/m_payload_i_reg[6]/C
                               i_ps/system_i/system_i/xadc/inst/AXI_LITE_IPIF_I/I_SLAVE_ATTACHMENT/I_DECODER/GEN_BKEND_CE_REGISTERS[22].ce_out_i_reg[22]/D
                                                              0.212         
i_ps/system_i/system_i/axi_protocol_converter_0/inst/gen_axilite.gen_b2s_conv.axilite_b2s/SI_REG/ar.ar_pipe/m_payload_i_reg[6]/C
                               i_ps/system_i/system_i/xadc/inst/AXI_LITE_IPIF_I/I_SLAVE_ATTACHMENT/I_DECODER/GEN_BKEND_CE_REGISTERS[21].ce_out_i_reg[21]/D
                                                              0.214         
i_ps/system_i/system_i/xadc/inst/AXI_LITE_IPIF_I/I_SLAVE_ATTACHMENT/INCLUDE_DPHASE_TIMER.dpto_cnt_reg[6]/C
                               i_ps/system_i/system_i/axi_protocol_converter_0/inst/gen_axilite.gen_b2s_conv.axilite_b2s/RD.ar_channel_0/cmd_translator_0/wrap_cmd_0/wrap_cnt_r_reg[0]/CE
                                                              0.215         
i_ps/system_i/system_i/xadc/inst/AXI_LITE_IPIF_I/I_SLAVE_ATTACHMENT/INCLUDE_DPHASE_TIMER.dpto_cnt_reg[6]/C
                               i_ps/system_i/system_i/axi_protocol_converter_0/inst/gen_axilite.gen_b2s_conv.axilite_b2s/RD.ar_channel_0/cmd_translator_0/wrap_cmd_0/wrap_cnt_r_reg[1]/CE
                                                              0.215         
i_ps/system_i/system_i/xadc/inst/AXI_LITE_IPIF_I/I_SLAVE_ATTACHMENT/INCLUDE_DPHASE_TIMER.dpto_cnt_reg[6]/C
                               i_ps/system_i/system_i/axi_protocol_converter_0/inst/gen_axilite.gen_b2s_conv.axilite_b2s/RD.ar_channel_0/cmd_translator_0/wrap_cmd_0/wrap_cnt_r_reg[2]/CE
                                                              0.215         
i_ps/system_i/system_i/axi_protocol_converter_0/inst/gen_axilite.gen_b2s_conv.axilite_b2s/SI_REG/aw.aw_pipe/m_payload_i_reg[39]/C
                               i_ps/system_i/system_i/axi_protocol_converter_0/inst/gen_axilite.gen_b2s_conv.axilite_b2s/WR.aw_channel_0/cmd_translator_0/incr_cmd_0/axaddr_incr_reg[9]/D
                                                              0.229         
i_ps/system_i/system_i/axi_protocol_converter_0/inst/gen_axilite.gen_b2s_conv.axilite_b2s/SI_REG/aw.aw_pipe/m_payload_i_reg[7]/C
                               i_ps/system_i/system_i/xadc/inst/AXI_LITE_IPIF_I/I_SLAVE_ATTACHMENT/I_DECODER/GEN_BKEND_CE_REGISTERS[2].ce_out_i_reg[2]/D
                                                              0.233         
i_ps/system_i/system_i/xadc/inst/AXI_LITE_IPIF_I/I_SLAVE_ATTACHMENT/INCLUDE_DPHASE_TIMER.dpto_cnt_reg[6]/C
                               i_ps/system_i/system_i/axi_protocol_converter_0/inst/gen_axilite.gen_b2s_conv.axilite_b2s/RD.ar_channel_0/cmd_translator_0/incr_cmd_0/axaddr_incr_reg[8]/D
                                                              0.252         
i_ps/system_i/system_i/xadc/inst/AXI_LITE_IPIF_I/I_SLAVE_ATTACHMENT/INCLUDE_DPHASE_TIMER.dpto_cnt_reg[6]/C
                               i_ps/system_i/system_i/axi_protocol_converter_0/inst/gen_axilite.gen_b2s_conv.axilite_b2s/RD.ar_channel_0/cmd_translator_0/incr_cmd_0/axaddr_incr_reg[5]/D
                                                              0.255         
i_ps/system_i/system_i/axi_protocol_converter_0/inst/gen_axilite.gen_b2s_conv.axilite_b2s/SI_REG/ar.ar_pipe/m_payload_i_reg[6]/C
                               i_ps/system_i/system_i/xadc/inst/AXI_LITE_IPIF_I/I_SLAVE_ATTACHMENT/I_DECODER/GEN_BKEND_CE_REGISTERS[10].ce_out_i_reg[10]/D
                                                              0.265         
i_ps/system_i/system_i/xadc/inst/INTR_CTRLR_GEN_I.ip2bus_wrack_reg/C
                               i_ps/system_i/system_i/axi_protocol_converter_0/inst/gen_axilite.gen_b2s_conv.axilite_b2s/WR.aw_channel_0/cmd_translator_0/wrap_cmd_0/next_pending_r_reg/CE
                                                              0.265         
i_ps/system_i/system_i/axi_protocol_converter_0/inst/gen_axilite.gen_b2s_conv.axilite_b2s/SI_REG/ar.ar_pipe/m_payload_i_reg[6]/C
                               i_ps/system_i/system_i/xadc/inst/AXI_LITE_IPIF_I/I_SLAVE_ATTACHMENT/I_DECODER/GEN_BKEND_CE_REGISTERS[9].ce_out_i_reg[9]/D
                                                              0.270         
i_ps/system_i/system_i/axi_protocol_converter_0/inst/gen_axilite.gen_b2s_conv.axilite_b2s/RD.r_channel_0/rd_data_fifo_0/cnt_read_reg[0]/C
                               i_ps/system_i/system_i/axi_protocol_converter_0/inst/gen_axilite.gen_b2s_conv.axilite_b2s/RD.r_channel_0/rd_data_fifo_0/cnt_read_reg[4]/CE
                                                              0.273         
i_ps/system_i/system_i/axi_protocol_converter_0/inst/gen_axilite.gen_b2s_conv.axilite_b2s/RD.r_channel_0/transaction_fifo_0/cnt_read_reg[0]/C
                               i_ps/system_i/system_i/axi_protocol_converter_0/inst/gen_axilite.gen_b2s_conv.axilite_b2s/RD.ar_channel_0/cmd_translator_0/wrap_cmd_0/sel_first_reg/CE
                                                              0.278         
i_ps/system_i/system_i/axi_protocol_converter_0/inst/gen_axilite.gen_b2s_conv.axilite_b2s/SI_REG/aw.aw_pipe/m_payload_i_reg[7]/C
                               i_ps/system_i/system_i/xadc/inst/AXI_LITE_IPIF_I/I_SLAVE_ATTACHMENT/I_DECODER/GEN_BKEND_CE_REGISTERS[0].ce_out_i_reg[0]/D
                                                              0.282         
i_ps/system_i/system_i/axi_protocol_converter_0/inst/gen_axilite.gen_b2s_conv.axilite_b2s/RD.r_channel_0/rd_data_fifo_0/cnt_read_reg[0]/C
                               i_ps/system_i/system_i/axi_protocol_converter_0/inst/gen_axilite.gen_b2s_conv.axilite_b2s/RD.r_channel_0/rd_data_fifo_0/cnt_read_reg[1]/CE
                                                              0.286         
i_ps/system_i/system_i/axi_protocol_converter_0/inst/gen_axilite.gen_b2s_conv.axilite_b2s/RD.r_channel_0/rd_data_fifo_0/cnt_read_reg[0]/C
                               i_ps/system_i/system_i/axi_protocol_converter_0/inst/gen_axilite.gen_b2s_conv.axilite_b2s/RD.r_channel_0/rd_data_fifo_0/cnt_read_reg[2]/CE
                                                              0.286         
i_ps/system_i/system_i/axi_protocol_converter_0/inst/gen_axilite.gen_b2s_conv.axilite_b2s/RD.r_channel_0/rd_data_fifo_0/cnt_read_reg[0]/C
                               i_ps/system_i/system_i/axi_protocol_converter_0/inst/gen_axilite.gen_b2s_conv.axilite_b2s/RD.r_channel_0/rd_data_fifo_0/cnt_read_reg[3]/CE
                                                              0.286         
i_ps/system_i/system_i/axi_protocol_converter_0/inst/gen_axilite.gen_b2s_conv.axilite_b2s/SI_REG/aw.aw_pipe/m_payload_i_reg[39]/C
                               i_ps/system_i/system_i/axi_protocol_converter_0/inst/gen_axilite.gen_b2s_conv.axilite_b2s/WR.aw_channel_0/cmd_translator_0/incr_cmd_0/axaddr_incr_reg[5]/D
                                                              0.290         
i_ps/system_i/system_i/axi_protocol_converter_0/inst/gen_axilite.gen_b2s_conv.axilite_b2s/SI_REG/aw.aw_pipe/m_payload_i_reg[39]/C
                               i_ps/system_i/system_i/axi_protocol_converter_0/inst/gen_axilite.gen_b2s_conv.axilite_b2s/WR.aw_channel_0/cmd_translator_0/wrap_cmd_0/wrap_cnt_r_reg[0]/CE
                                                              0.292         
i_ps/system_i/system_i/axi_protocol_converter_0/inst/gen_axilite.gen_b2s_conv.axilite_b2s/SI_REG/aw.aw_pipe/m_payload_i_reg[39]/C
                               i_ps/system_i/system_i/axi_protocol_converter_0/inst/gen_axilite.gen_b2s_conv.axilite_b2s/WR.aw_channel_0/cmd_translator_0/wrap_cmd_0/wrap_cnt_r_reg[1]/CE
                                                              0.292         
i_ps/system_i/system_i/axi_protocol_converter_0/inst/gen_axilite.gen_b2s_conv.axilite_b2s/SI_REG/aw.aw_pipe/m_payload_i_reg[39]/C
                               i_ps/system_i/system_i/axi_protocol_converter_0/inst/gen_axilite.gen_b2s_conv.axilite_b2s/WR.aw_channel_0/cmd_translator_0/wrap_cmd_0/wrap_cnt_r_reg[2]/CE
                                                              0.292         
i_ps/system_i/system_i/processing_system7/inst/PS7_i/MAXIGP1ACLK
                               i_ps/system_i/system_i/xadc/inst/INTR_CTRLR_GEN_I.ip2bus_wrack_reg/D
                                                              0.292         
i_ps/system_i/system_i/xadc/inst/AXI_LITE_IPIF_I/I_SLAVE_ATTACHMENT/INCLUDE_DPHASE_TIMER.dpto_cnt_reg[6]/C
                               i_ps/system_i/system_i/axi_protocol_converter_0/inst/gen_axilite.gen_b2s_conv.axilite_b2s/RD.ar_channel_0/cmd_translator_0/incr_cmd_0/axlen_cnt_reg[4]/CE
                                                              0.299         
i_ps/system_i/system_i/xadc/inst/AXI_LITE_IPIF_I/I_SLAVE_ATTACHMENT/INCLUDE_DPHASE_TIMER.dpto_cnt_reg[6]/C
                               i_ps/system_i/system_i/axi_protocol_converter_0/inst/gen_axilite.gen_b2s_conv.axilite_b2s/RD.ar_channel_0/cmd_translator_0/incr_cmd_0/axlen_cnt_reg[5]/CE
                                                              0.299         
i_ps/system_i/system_i/xadc/inst/AXI_LITE_IPIF_I/I_SLAVE_ATTACHMENT/INCLUDE_DPHASE_TIMER.dpto_cnt_reg[6]/C
                               i_ps/system_i/system_i/axi_protocol_converter_0/inst/gen_axilite.gen_b2s_conv.axilite_b2s/RD.ar_channel_0/cmd_translator_0/incr_cmd_0/axlen_cnt_reg[7]/CE
                                                              0.299         
i_ps/system_i/system_i/axi_protocol_converter_0/inst/gen_axilite.gen_b2s_conv.axilite_b2s/SI_REG/ar.ar_pipe/m_payload_i_reg[6]/C
                               i_ps/system_i/system_i/xadc/inst/AXI_LITE_IPIF_I/I_SLAVE_ATTACHMENT/I_DECODER/GEN_BKEND_CE_REGISTERS[19].ce_out_i_reg[19]/D
                                                              0.304         
i_ps/system_i/system_i/axi_protocol_converter_0/inst/gen_axilite.gen_b2s_conv.axilite_b2s/SI_REG/aw.aw_pipe/m_payload_i_reg[39]/C
                               i_ps/system_i/system_i/axi_protocol_converter_0/inst/gen_axilite.gen_b2s_conv.axilite_b2s/WR.aw_channel_0/cmd_translator_0/incr_cmd_0/axaddr_incr_reg[6]/D
                                                              0.306         
i_ps/system_i/system_i/axi_protocol_converter_0/inst/gen_axilite.gen_b2s_conv.axilite_b2s/SI_REG/aw.aw_pipe/m_payload_i_reg[7]/C
                               i_ps/system_i/system_i/xadc/inst/AXI_LITE_IPIF_I/I_SLAVE_ATTACHMENT/I_DECODER/GEN_BKEND_CE_REGISTERS[1].ce_out_i_reg[1]/D
                                                              0.307         
i_ps/system_i/system_i/axi_protocol_converter_0/inst/gen_axilite.gen_b2s_conv.axilite_b2s/SI_REG/ar.ar_pipe/m_payload_i_reg[6]/C
                               i_ps/system_i/system_i/xadc/inst/AXI_LITE_IPIF_I/I_SLAVE_ATTACHMENT/I_DECODER/GEN_BKEND_CE_REGISTERS[20].ce_out_i_reg[20]/D
                                                              0.309         
i_ps/system_i/system_i/axi_protocol_converter_0/inst/gen_axilite.gen_b2s_conv.axilite_b2s/SI_REG/aw.aw_pipe/m_payload_i_reg[7]/C
                               i_ps/system_i/system_i/xadc/inst/AXI_XADC_CORE_I/XADC_INST/DADDR[5]
                                                              0.310         
i_ps/system_i/system_i/axi_protocol_converter_0/inst/gen_axilite.gen_b2s_conv.axilite_b2s/SI_REG/aw.aw_pipe/m_payload_i_reg[7]/C
                               i_ps/system_i/system_i/xadc/inst/AXI_LITE_IPIF_I/I_SLAVE_ATTACHMENT/I_DECODER/GEN_BKEND_CE_REGISTERS[7].ce_out_i_reg[7]/D
                                                              0.312         
i_ps/system_i/system_i/axi_protocol_converter_0/inst/gen_axilite.gen_b2s_conv.axilite_b2s/SI_REG/aw.aw_pipe/m_payload_i_reg[7]/C
                               i_ps/system_i/system_i/xadc/inst/AXI_LITE_IPIF_I/I_SLAVE_ATTACHMENT/I_DECODER/GEN_BKEND_CE_REGISTERS[3].ce_out_i_reg[3]/D
                                                              0.315         
i_ps/system_i/system_i/axi_protocol_converter_0/inst/gen_axilite.gen_b2s_conv.axilite_b2s/SI_REG/ar.ar_pipe/m_payload_i_reg[6]/C
                               i_ps/system_i/system_i/xadc/inst/AXI_LITE_IPIF_I/I_SLAVE_ATTACHMENT/I_DECODER/GEN_BKEND_CE_REGISTERS[14].ce_out_i_reg[14]/D
                                                              0.315         
i_ps/system_i/system_i/axi_protocol_converter_0/inst/gen_axilite.gen_b2s_conv.axilite_b2s/SI_REG/aw.aw_pipe/m_payload_i_reg[39]/C
                               i_ps/system_i/system_i/axi_protocol_converter_0/inst/gen_axilite.gen_b2s_conv.axilite_b2s/WR.aw_channel_0/cmd_translator_0/incr_cmd_0/axaddr_incr_reg[7]/D
                                                              0.316         
i_ps/system_i/system_i/axi_protocol_converter_0/inst/gen_axilite.gen_b2s_conv.axilite_b2s/SI_REG/aw.aw_pipe/m_payload_i_reg[2]/C
                               i_ps/system_i/system_i/xadc/inst/AXI_XADC_CORE_I/XADC_INST/DADDR[0]
                                                              0.322         
i_ps/system_i/system_i/axi_protocol_converter_0/inst/gen_axilite.gen_b2s_conv.axilite_b2s/SI_REG/aw.aw_pipe/m_payload_i_reg[7]/C
                               i_ps/system_i/system_i/xadc/inst/AXI_LITE_IPIF_I/I_SLAVE_ATTACHMENT/I_DECODER/GEN_BKEND_CE_REGISTERS[4].ce_out_i_reg[4]/D
                                                              0.324         
i_ps/system_i/system_i/axi_protocol_converter_0/inst/gen_axilite.gen_b2s_conv.axilite_b2s/SI_REG/aw.aw_pipe/m_payload_i_reg[7]/C
                               i_ps/system_i/system_i/xadc/inst/AXI_LITE_IPIF_I/I_SLAVE_ATTACHMENT/I_DECODER/GEN_BKEND_CE_REGISTERS[5].ce_out_i_reg[5]/D
                                                              0.331         
i_ps/system_i/system_i/axi_protocol_converter_0/inst/gen_axilite.gen_b2s_conv.axilite_b2s/SI_REG/ar.ar_pipe/m_payload_i_reg[6]/C
                               i_ps/system_i/system_i/xadc/inst/AXI_LITE_IPIF_I/I_SLAVE_ATTACHMENT/I_DECODER/GEN_BKEND_CE_REGISTERS[11].ce_out_i_reg[11]/D
                                                              0.348         
i_ps/system_i/system_i/axi_protocol_converter_0/inst/gen_axilite.gen_b2s_conv.axilite_b2s/SI_REG/aw.aw_pipe/m_payload_i_reg[39]/C
                               i_ps/system_i/system_i/axi_protocol_converter_0/inst/gen_axilite.gen_b2s_conv.axilite_b2s/SI_REG/aw.aw_pipe/m_payload_i_reg[6]/CE
                                                              0.348         
i_ps/system_i/system_i/axi_protocol_converter_0/inst/gen_axilite.gen_b2s_conv.axilite_b2s/SI_REG/aw.aw_pipe/m_payload_i_reg[39]/C
                               i_ps/system_i/system_i/axi_protocol_converter_0/inst/gen_axilite.gen_b2s_conv.axilite_b2s/SI_REG/aw.aw_pipe/m_payload_i_reg[7]/CE
                                                              0.348         
i_ps/system_i/system_i/axi_protocol_converter_0/inst/gen_axilite.gen_b2s_conv.axilite_b2s/SI_REG/aw.aw_pipe/m_payload_i_reg[3]/C
                               i_ps/system_i/system_i/axi_protocol_converter_0/inst/gen_axilite.gen_b2s_conv.axilite_b2s/WR.aw_channel_0/cmd_translator_0/wrap_cmd_0/wrap_cnt_r_reg[2]/D
                                                              0.352         
i_ps/system_i/system_i/axi_protocol_converter_0/inst/gen_axilite.gen_b2s_conv.axilite_b2s/SI_REG/aw.aw_pipe/m_payload_i_reg[39]/C
                               i_ps/system_i/system_i/axi_protocol_converter_0/inst/gen_axilite.gen_b2s_conv.axilite_b2s/SI_REG/aw.aw_pipe/m_payload_i_reg[54]/CE
                                                              0.360         
i_ps/system_i/system_i/axi_protocol_converter_0/inst/gen_axilite.gen_b2s_conv.axilite_b2s/SI_REG/aw.aw_pipe/m_payload_i_reg[39]/C
                               i_ps/system_i/system_i/axi_protocol_converter_0/inst/gen_axilite.gen_b2s_conv.axilite_b2s/SI_REG/aw.aw_pipe/m_payload_i_reg[55]/CE
                                                              0.360         
i_ps/system_i/system_i/xadc/inst/AXI_LITE_IPIF_I/I_SLAVE_ATTACHMENT/INCLUDE_DPHASE_TIMER.dpto_cnt_reg[6]/C
                               i_ps/system_i/system_i/axi_protocol_converter_0/inst/gen_axilite.gen_b2s_conv.axilite_b2s/WR.aw_channel_0/cmd_translator_0/sel_first_reg/CE
                                                              0.381         
i_ps/system_i/system_i/axi_protocol_converter_0/inst/gen_axilite.gen_b2s_conv.axilite_b2s/SI_REG/aw.aw_pipe/m_payload_i_reg[39]/C
                               i_ps/system_i/system_i/axi_protocol_converter_0/inst/gen_axilite.gen_b2s_conv.axilite_b2s/SI_REG/aw.aw_pipe/m_payload_i_reg[56]/CE
                                                              0.386         
i_ps/system_i/system_i/axi_protocol_converter_0/inst/gen_axilite.gen_b2s_conv.axilite_b2s/SI_REG/aw.aw_pipe/m_payload_i_reg[39]/C
                               i_ps/system_i/system_i/axi_protocol_converter_0/inst/gen_axilite.gen_b2s_conv.axilite_b2s/SI_REG/aw.aw_pipe/m_payload_i_reg[57]/CE
                                                              0.386         
i_ps/system_i/system_i/axi_protocol_converter_0/inst/gen_axilite.gen_b2s_conv.axilite_b2s/SI_REG/aw.aw_pipe/m_payload_i_reg[39]/C
                               i_ps/system_i/system_i/axi_protocol_converter_0/inst/gen_axilite.gen_b2s_conv.axilite_b2s/WR.aw_channel_0/cmd_translator_0/incr_cmd_0/axaddr_incr_reg[2]/D
                                                              0.390         
i_ps/system_i/system_i/axi_protocol_converter_0/inst/gen_axilite.gen_b2s_conv.axilite_b2s/WR.aw_channel_0/cmd_translator_0/wrap_cmd_0/axaddr_wrap_reg[4]/C
                               i_ps/system_i/system_i/xadc/inst/AXI_XADC_CORE_I/XADC_INST/DADDR[2]
                                                              0.401         
i_ps/system_i/system_i/xadc/inst/AXI_LITE_IPIF_I/I_SLAVE_ATTACHMENT/INCLUDE_DPHASE_TIMER.dpto_cnt_reg[6]/C
                               i_ps/system_i/system_i/axi_protocol_converter_0/inst/gen_axilite.gen_b2s_conv.axilite_b2s/RD.ar_channel_0/cmd_translator_0/incr_cmd_0/axaddr_incr_reg[7]/D
                                                              0.406         
i_ps/system_i/system_i/axi_protocol_converter_0/inst/gen_axilite.gen_b2s_conv.axilite_b2s/SI_REG/aw.aw_pipe/m_payload_i_reg[3]/C
                               i_ps/system_i/system_i/xadc/inst/AXI_XADC_CORE_I/XADC_INST/DADDR[1]
                                                              0.413         
i_ps/system_i/system_i/axi_protocol_converter_0/inst/gen_axilite.gen_b2s_conv.axilite_b2s/SI_REG/ar.ar_pipe/m_payload_i_reg[3]/C
                               i_ps/system_i/system_i/axi_protocol_converter_0/inst/gen_axilite.gen_b2s_conv.axilite_b2s/RD.ar_channel_0/cmd_translator_0/wrap_cmd_0/wrap_cnt_r_reg[3]/D
                                                              0.417         
i_ps/system_i/system_i/axi_protocol_converter_0/inst/gen_axilite.gen_b2s_conv.axilite_b2s/WR.b_channel_0/bid_fifo_0/memory_reg[3][0]_srl4/CLK
                               i_ps/system_i/system_i/axi_protocol_converter_0/inst/gen_axilite.gen_b2s_conv.axilite_b2s/WR.b_channel_0/bresp_fifo_0/memory_reg[3][1]_srl4/CE
                                                              0.429         
i_ps/system_i/system_i/axi_protocol_converter_0/inst/gen_axilite.gen_b2s_conv.axilite_b2s/SI_REG/aw.aw_pipe/m_payload_i_reg[3]/C
                               i_ps/system_i/system_i/axi_protocol_converter_0/inst/gen_axilite.gen_b2s_conv.axilite_b2s/WR.aw_channel_0/cmd_translator_0/wrap_cmd_0/wrap_cnt_r_reg[3]/D
                                                              0.436         
i_ps/system_i/system_i/xadc/inst/AXI_LITE_IPIF_I/I_SLAVE_ATTACHMENT/INCLUDE_DPHASE_TIMER.dpto_cnt_reg[6]/C
                               i_ps/system_i/system_i/axi_protocol_converter_0/inst/gen_axilite.gen_b2s_conv.axilite_b2s/RD.ar_channel_0/cmd_translator_0/wrap_cmd_0/axaddr_wrap_reg[0]/CE
                                                              0.439         
i_ps/system_i/system_i/xadc/inst/AXI_LITE_IPIF_I/I_SLAVE_ATTACHMENT/INCLUDE_DPHASE_TIMER.dpto_cnt_reg[6]/C
                               i_ps/system_i/system_i/axi_protocol_converter_0/inst/gen_axilite.gen_b2s_conv.axilite_b2s/RD.ar_channel_0/cmd_translator_0/wrap_cmd_0/axaddr_wrap_reg[1]/CE
                                                              0.439         
i_ps/system_i/system_i/xadc/inst/AXI_LITE_IPIF_I/I_SLAVE_ATTACHMENT/INCLUDE_DPHASE_TIMER.dpto_cnt_reg[6]/C
                               i_ps/system_i/system_i/axi_protocol_converter_0/inst/gen_axilite.gen_b2s_conv.axilite_b2s/RD.ar_channel_0/cmd_translator_0/wrap_cmd_0/axaddr_wrap_reg[2]/CE
                                                              0.439         
i_ps/system_i/system_i/xadc/inst/AXI_LITE_IPIF_I/I_SLAVE_ATTACHMENT/INCLUDE_DPHASE_TIMER.dpto_cnt_reg[6]/C
                               i_ps/system_i/system_i/axi_protocol_converter_0/inst/gen_axilite.gen_b2s_conv.axilite_b2s/RD.ar_channel_0/cmd_translator_0/incr_cmd_0/axaddr_incr_reg[6]/D
                                                              0.439         
i_ps/system_i/system_i/axi_protocol_converter_0/inst/gen_axilite.gen_b2s_conv.axilite_b2s/SI_REG/aw.aw_pipe/m_payload_i_reg[39]/C
                               i_ps/system_i/system_i/axi_protocol_converter_0/inst/gen_axilite.gen_b2s_conv.axilite_b2s/WR.aw_channel_0/cmd_translator_0/incr_cmd_0/axaddr_incr_reg[3]/D
                                                              0.440         
i_ps/system_i/system_i/xadc/inst/AXI_LITE_IPIF_I/I_SLAVE_ATTACHMENT/INCLUDE_DPHASE_TIMER.dpto_cnt_reg[6]/C
                               i_ps/system_i/system_i/axi_protocol_converter_0/inst/gen_axilite.gen_b2s_conv.axilite_b2s/RD.ar_channel_0/cmd_translator_0/incr_cmd_0/axlen_cnt_reg[2]/CE
                                                              0.442         
i_ps/system_i/system_i/xadc/inst/AXI_LITE_IPIF_I/I_SLAVE_ATTACHMENT/INCLUDE_DPHASE_TIMER.dpto_cnt_reg[6]/C
                               i_ps/system_i/system_i/axi_protocol_converter_0/inst/gen_axilite.gen_b2s_conv.axilite_b2s/RD.ar_channel_0/cmd_translator_0/incr_cmd_0/axlen_cnt_reg[3]/CE
                                                              0.442         
i_ps/system_i/system_i/xadc/inst/AXI_LITE_IPIF_I/I_SLAVE_ATTACHMENT/INCLUDE_DPHASE_TIMER.dpto_cnt_reg[6]/C
                               i_ps/system_i/system_i/axi_protocol_converter_0/inst/gen_axilite.gen_b2s_conv.axilite_b2s/RD.ar_channel_0/cmd_translator_0/incr_cmd_0/axlen_cnt_reg[8]/CE
                                                              0.442         
i_ps/system_i/system_i/xadc/inst/AXI_LITE_IPIF_I/I_SLAVE_ATTACHMENT/INCLUDE_DPHASE_TIMER.dpto_cnt_reg[6]/C
                               i_ps/system_i/system_i/axi_protocol_converter_0/inst/gen_axilite.gen_b2s_conv.axilite_b2s/RD.ar_channel_0/cmd_translator_0/wrap_cmd_0/axaddr_wrap_reg[4]/CE
                                                              0.452         
i_ps/system_i/system_i/xadc/inst/AXI_LITE_IPIF_I/I_SLAVE_ATTACHMENT/INCLUDE_DPHASE_TIMER.dpto_cnt_reg[6]/C
                               i_ps/system_i/system_i/axi_protocol_converter_0/inst/gen_axilite.gen_b2s_conv.axilite_b2s/RD.ar_channel_0/cmd_translator_0/wrap_cmd_0/axaddr_wrap_reg[9]/CE
                                                              0.452         
i_ps/system_i/system_i/axi_protocol_converter_0/inst/gen_axilite.gen_b2s_conv.axilite_b2s/SI_REG/aw.aw_pipe/m_payload_i_reg[39]/C
                               i_ps/system_i/system_i/axi_protocol_converter_0/inst/gen_axilite.gen_b2s_conv.axilite_b2s/WR.aw_channel_0/cmd_translator_0/incr_cmd_0/axaddr_incr_reg[4]/D
                                                              0.458         
i_ps/system_i/system_i/xadc/inst/AXI_LITE_IPIF_I/I_SLAVE_ATTACHMENT/INCLUDE_DPHASE_TIMER.dpto_cnt_reg[6]/C
                               i_ps/system_i/system_i/axi_protocol_converter_0/inst/gen_axilite.gen_b2s_conv.axilite_b2s/RD.ar_channel_0/cmd_translator_0/incr_cmd_0/axaddr_incr_reg[3]/D
                                                              0.467         
i_ps/system_i/system_i/processing_system7/inst/PS7_i/MAXIGP1ACLK
                               i_ps/system_i/system_i/xadc/inst/AXI_XADC_CORE_I/XADC_INST/DI[2]
                                                              0.476         
i_ps/system_i/system_i/axi_protocol_converter_0/inst/gen_axilite.gen_b2s_conv.axilite_b2s/SI_REG/ar.ar_pipe/m_payload_i_reg[6]/C
                               i_ps/system_i/system_i/xadc/inst/AXI_LITE_IPIF_I/I_SLAVE_ATTACHMENT/I_DECODER/GEN_BKEND_CE_REGISTERS[8].ce_out_i_reg[8]/D
                                                              0.477         
i_ps/system_i/system_i/axi_protocol_converter_0/inst/gen_axilite.gen_b2s_conv.axilite_b2s/SI_REG/aw.aw_pipe/m_valid_i_reg/C
                               i_ps/system_i/system_i/axi_protocol_converter_0/inst/gen_axilite.gen_b2s_conv.axilite_b2s/WR.aw_channel_0/cmd_translator_0/incr_cmd_0/axlen_cnt_reg[6]/CE
                                                              0.482         
i_ps/system_i/system_i/processing_system7/inst/PS7_i/MAXIGP1ACLK
                               i_ps/system_i/system_i/xadc/inst/INTR_CTRLR_GEN_I.INTERRUPT_CONTROL_I/ip_irpt_enable_reg_reg[6]/CE
                                                              0.485         
i_ps/system_i/system_i/processing_system7/inst/PS7_i/MAXIGP1ACLK
                               i_ps/system_i/system_i/xadc/inst/INTR_CTRLR_GEN_I.INTERRUPT_CONTROL_I/ip_irpt_enable_reg_reg[8]/CE
                                                              0.485         
i_ps/system_i/system_i/processing_system7/inst/PS7_i/MAXIGP1ACLK
                               i_ps/system_i/system_i/xadc/inst/INTR_CTRLR_GEN_I.INTERRUPT_CONTROL_I/ip_irpt_enable_reg_reg[9]/CE
                                                              0.485         
i_ps/system_i/system_i/xadc/inst/INTR_CTRLR_GEN_I.ip2bus_wrack_reg/C
                               i_ps/system_i/system_i/xadc/inst/AXI_LITE_IPIF_I/I_SLAVE_ATTACHMENT/I_DECODER/GEN_BKEND_CE_REGISTERS[4].ce_out_i_reg[4]/R
                                                              0.486         
i_ps/system_i/system_i/xadc/inst/INTR_CTRLR_GEN_I.ip2bus_wrack_reg/C
                               i_ps/system_i/system_i/xadc/inst/AXI_LITE_IPIF_I/I_SLAVE_ATTACHMENT/I_DECODER/GEN_BKEND_CE_REGISTERS[5].ce_out_i_reg[5]/R
                                                              0.486         
i_ps/system_i/system_i/xadc/inst/INTR_CTRLR_GEN_I.ip2bus_wrack_reg/C
                               i_ps/system_i/system_i/xadc/inst/AXI_LITE_IPIF_I/I_SLAVE_ATTACHMENT/I_DECODER/GEN_BKEND_CE_REGISTERS[6].ce_out_i_reg[6]/R
                                                              0.486         
i_ps/system_i/system_i/axi_protocol_converter_0/inst/gen_axilite.gen_b2s_conv.axilite_b2s/SI_REG/ar.ar_pipe/m_payload_i_reg[5]/C
                               i_ps/system_i/system_i/xadc/inst/AXI_XADC_CORE_I/XADC_INST/DADDR[3]
                                                              0.492         
i_ps/system_i/system_i/processing_system7/inst/PS7_i/MAXIGP1ACLK
                               i_ps/system_i/system_i/xadc/inst/INTR_CTRLR_GEN_I.INTERRUPT_CONTROL_I/ip_irpt_enable_reg_reg[0]/CE
                                                              0.495         
i_ps/system_i/system_i/processing_system7/inst/PS7_i/MAXIGP1ACLK
                               i_ps/system_i/system_i/xadc/inst/INTR_CTRLR_GEN_I.INTERRUPT_CONTROL_I/ip_irpt_enable_reg_reg[10]/CE
                                                              0.495         
i_ps/system_i/system_i/processing_system7/inst/PS7_i/MAXIGP1ACLK
                               i_ps/system_i/system_i/xadc/inst/INTR_CTRLR_GEN_I.INTERRUPT_CONTROL_I/ip_irpt_enable_reg_reg[11]/CE
                                                              0.495         
i_ps/system_i/system_i/processing_system7/inst/PS7_i/MAXIGP1ACLK
                               i_ps/system_i/system_i/xadc/inst/INTR_CTRLR_GEN_I.INTERRUPT_CONTROL_I/ip_irpt_enable_reg_reg[14]/CE
                                                              0.495         
i_ps/system_i/system_i/processing_system7/inst/PS7_i/MAXIGP1ACLK
                               i_ps/system_i/system_i/xadc/inst/INTR_CTRLR_GEN_I.INTERRUPT_CONTROL_I/ip_irpt_enable_reg_reg[15]/CE
                                                              0.495         
i_ps/system_i/system_i/processing_system7/inst/PS7_i/MAXIGP1ACLK
                               i_ps/system_i/system_i/xadc/inst/INTR_CTRLR_GEN_I.INTERRUPT_CONTROL_I/ip_irpt_enable_reg_reg[16]/CE
                                                              0.495         
i_ps/system_i/system_i/processing_system7/inst/PS7_i/MAXIGP1ACLK
                               i_ps/system_i/system_i/xadc/inst/INTR_CTRLR_GEN_I.INTERRUPT_CONTROL_I/ip_irpt_enable_reg_reg[4]/CE
                                                              0.495         
dac_rst_reg/C                  oddr_dac_dat[4]/R              0.586         
dac_rst_reg/C                  oddr_dac_dat[11]/R             0.600         
dac_rst_reg/C                  oddr_dac_dat[0]/R              0.632         
dac_rst_reg/C                  oddr_dac_dat[8]/R              0.643         
dac_rst_reg/C                  oddr_dac_dat[3]/R              0.646         
dac_rst_reg/C                  oddr_dac_dat[2]/R              0.652         
dac_rst_reg/C                  oddr_dac_dat[1]/R              0.669         
dac_rst_reg/C                  oddr_dac_dat[6]/R              0.673         
dac_rst_reg/C                  oddr_dac_dat[9]/R              0.681         
dac_rst_reg/C                  oddr_dac_dat[5]/R              0.726         
dac_rst_reg/C                  oddr_dac_dat[13]/R             0.733         
dac_rst_reg/C                  oddr_dac_dat[12]/R             0.735         
dac_rst_reg/C                  oddr_dac_dat[10]/R             0.747         
dac_rst_reg/C                  oddr_dac_dat[7]/R              0.811         
dac_rst_reg/C                  oddr_dac_sel/R                 1.041         
dac_dat_a_reg[13]/C            oddr_dac_dat[13]/D2            1.751         
dac_dat_a_reg[1]/C             oddr_dac_dat[1]/D2             1.840         
dac_dat_a_reg[6]/C             oddr_dac_dat[6]/D2             1.847         
dac_dat_a_reg[7]/C             oddr_dac_dat[7]/D2             1.897         
dac_dat_a_reg[8]/C             oddr_dac_dat[8]/D2             1.903         
dac_dat_a_reg[11]/C            oddr_dac_dat[11]/D2            1.906         
dac_dat_a_reg[4]/C             oddr_dac_dat[4]/D2             1.949         
dac_rst_reg/C                  oddr_dac_rst/D2                1.966         
dac_dat_a_reg[10]/C            oddr_dac_dat[10]/D2            2.001         
dac_dat_a_reg[12]/C            oddr_dac_dat[12]/D2            2.004         
dac_dat_a_reg[0]/C             oddr_dac_dat[0]/D2             2.005         
dac_dat_a_reg[3]/C             oddr_dac_dat[3]/D2             2.009         
dac_dat_a_reg[2]/C             oddr_dac_dat[2]/D2             2.022         
dac_dat_a_reg[5]/C             oddr_dac_dat[5]/D2             2.048         
dac_dat_a_reg[9]/C             oddr_dac_dat[9]/D2             2.053         
i_dsp/sum2_reg[16]/C           dac_dat_b_reg[5]/D             2.164         
i_dsp/sum2_reg[16]/C           dac_dat_b_reg[1]/D             2.270         
i_dsp/sum1_reg[3]/C            dac_dat_a_reg[3]/D             2.510         
i_dsp/sum1_reg[13]/C           dac_dat_a_reg[1]/D             2.670         
i_dsp/sum2_reg[14]/C           dac_dat_b_reg[0]/D             2.760         
i_dsp/sum2_reg[16]/C           dac_dat_b_reg[12]/D            2.913         
i_dsp/sum1_reg[14]/C           dac_dat_a_reg[12]/D            2.967         
i_dsp/sum2_reg[16]/C           dac_dat_b_reg[7]/D             3.011         
i_dsp/sum2_reg[13]/C           dac_dat_b_reg[2]/D             3.185         
i_dsp/sum2_reg[14]/C           dac_dat_b_reg[4]/D             3.256         
i_dsp/sum1_reg[14]/C           dac_dat_a_reg[5]/D             3.386         
i_dsp/sum1_reg[14]/C           dac_dat_a_reg[0]/D             3.473         
i_dsp/sum1_reg[14]/C           dac_dat_a_reg[11]/D            3.752         
i_dsp/sum1_reg[14]/C           dac_dat_a_reg[8]/D             3.767         
i_dsp/sum2_reg[6]/C            dac_dat_b_reg[6]/D             3.776         
i_dsp/sum2_reg[8]/C            dac_dat_b_reg[8]/D             3.778         
i_dsp/sum2_reg[14]/C           dac_dat_b_reg[3]/D             3.780         
i_dsp/sum1_reg[13]/C           dac_dat_a_reg[10]/D            3.825         
i_dsp/sum1_reg[13]/C           dac_dat_a_reg[2]/D             3.895         
i_dsp/sum1_reg[13]/C           dac_dat_a_reg[7]/D             3.932         
i_dsp/sum1_reg[14]/C           dac_dat_a_reg[6]/D             3.978         
i_dsp/sum2_reg[13]/C           dac_dat_b_reg[10]/D            4.006         
i_dsp/sum1_reg[13]/C           dac_dat_a_reg[4]/D             4.068         
i_dsp/sum2_reg[16]/C           dac_dat_b_reg[9]/D             4.141         
i_dsp/sum1_reg[14]/C           dac_dat_a_reg[9]/D             4.203         
i_dsp/sum2_reg[13]/C           dac_dat_b_reg[11]/D            4.217         
i_dsp/sum1_reg[17]/C           dac_dat_a_reg[13]/D            4.497         
i_dsp/sum2_reg[17]/C           dac_dat_b_reg[13]/D            4.842         
dac_dat_b_reg[13]/C            oddr_dac_dat[13]/D1            5.638         
dac_dat_b_reg[7]/C             oddr_dac_dat[7]/D1             5.748         
dac_dat_b_reg[8]/C             oddr_dac_dat[8]/D1             5.759         
dac_dat_b_reg[9]/C             oddr_dac_dat[9]/D1             5.769         
dac_rst_reg/C                  oddr_dac_rst/D1                5.777         
dac_dat_b_reg[12]/C            oddr_dac_dat[12]/D1            5.826         
dac_dat_b_reg[0]/C             oddr_dac_dat[0]/D1             5.843         
dac_dat_b_reg[6]/C             oddr_dac_dat[6]/D1             5.858         
dac_dat_b_reg[10]/C            oddr_dac_dat[10]/D1            5.901         
dac_dat_b_reg[5]/C             oddr_dac_dat[5]/D1             5.907         
dac_dat_b_reg[11]/C            oddr_dac_dat[11]/D1            5.909         
dac_dat_b_reg[4]/C             oddr_dac_dat[4]/D1             5.914         
dac_dat_b_reg[3]/C             oddr_dac_dat[3]/D1             5.918         
dac_dat_b_reg[2]/C             oddr_dac_dat[2]/D1             5.983         
dac_dat_b_reg[1]/C             oddr_dac_dat[1]/D1             6.049         



