Copyright 1986-2022 Xilinx, Inc. All Rights Reserved. Copyright 2022-2024 Advanced Micro Devices, Inc. All Rights Reserved.
---------------------------------------------------------------------------------------------------------------------------------------------
| Tool Version : Vivado v.2024.2 (win64) Build 5239630 Fri Nov 08 22:35:27 MST 2024
| Date         : Fri Nov 21 17:21:03 2025
| Host         : aqut-13 running 64-bit major release  (build 9200)
| Command      : report_drc -file out/post_imp_drc.rpt
| Design       : red_pitaya_top
| Device       : xc7z010clg400-1
| Speed File   : -1
| Design State : Fully Routed
---------------------------------------------------------------------------------------------------------------------------------------------

Report DRC

Table of Contents
-----------------
1. REPORT SUMMARY
2. REPORT DETAILS

1. REPORT SUMMARY
-----------------
            Netlist: red_pitaya_top
          Floorplan: design_1
      Design limits: <entire design considered>
           Ruledeck: default
             Max checks: <unlimited>
             Checks found: 150
+-----------+----------+------------------------------------------------+--------+
| Rule      | Severity | Description                                    | Checks |
+-----------+----------+------------------------------------------------+--------+
| DPIP-1    | Warning  | Input pipelining                               | 51     |
| DPOP-1    | Warning  | PREG Output pipelining                         | 19     |
| DPOP-2    | Warning  | MREG Output pipelining                         | 34     |
| PDRC-132  | Warning  | SLICE_PairEqSame_A6A5_WARN                     | 3      |
| PDRC-134  | Warning  | SLICE_PairEqSame_B6B5_WARN                     | 5      |
| PDRC-136  | Warning  | SLICE_PairEqSame_C6C5_WARN                     | 6      |
| PDRC-138  | Warning  | SLICE_PairEqSame_D6D5_WARN                     | 9      |
| PDRC-140  | Warning  | SLICE_PairEqSame_A6A5_WARN                     | 2      |
| PDRC-142  | Warning  | SLICE_PairEqSame_B6B5_WARN                     | 2      |
| PDRC-144  | Warning  | SLICE_PairEqSame_C6C5_WARN                     | 3      |
| PDRC-146  | Warning  | SLICE_PairEqSame_D6D5_WARN                     | 7      |
| PLIO-8    | Warning  | Placement Constraints Check for IO constraints | 4      |
| REQP-1617 | Warning  | use_IOB_register                               | 4      |
| RTSTAT-10 | Warning  | No routable loads                              | 1      |
+-----------+----------+------------------------------------------------+--------+

2. REPORT DETAILS
-----------------
DPIP-1#1 Warning
Input pipelining  
DSP i_3fgen/component_gen_block[0].fm_prod_reg_reg[0] input i_3fgen/component_gen_block[0].fm_prod_reg_reg[0]/A[29:0] is not pipelined. Pipelining DSP48 input will improve performance.
Related violations: <none>

DPIP-1#2 Warning
Input pipelining  
DSP i_3fgen/component_gen_block[0].fm_prod_reg_reg[0] input i_3fgen/component_gen_block[0].fm_prod_reg_reg[0]/B[17:0] is not pipelined. Pipelining DSP48 input will improve performance.
Related violations: <none>

DPIP-1#3 Warning
Input pipelining  
DSP i_3fgen/component_gen_block[0].prod_a_reg[0] input i_3fgen/component_gen_block[0].prod_a_reg[0]/A[29:0] is not pipelined. Pipelining DSP48 input will improve performance.
Related violations: <none>

DPIP-1#4 Warning
Input pipelining  
DSP i_3fgen/component_gen_block[0].prod_b_reg[0] input i_3fgen/component_gen_block[0].prod_b_reg[0]/A[29:0] is not pipelined. Pipelining DSP48 input will improve performance.
Related violations: <none>

DPIP-1#5 Warning
Input pipelining  
DSP i_3fgen/component_gen_block[1].fm_prod_reg_reg[1] input i_3fgen/component_gen_block[1].fm_prod_reg_reg[1]/A[29:0] is not pipelined. Pipelining DSP48 input will improve performance.
Related violations: <none>

DPIP-1#6 Warning
Input pipelining  
DSP i_3fgen/component_gen_block[1].fm_prod_reg_reg[1] input i_3fgen/component_gen_block[1].fm_prod_reg_reg[1]/B[17:0] is not pipelined. Pipelining DSP48 input will improve performance.
Related violations: <none>

DPIP-1#7 Warning
Input pipelining  
DSP i_3fgen/component_gen_block[1].prod_a_reg[1] input i_3fgen/component_gen_block[1].prod_a_reg[1]/A[29:0] is not pipelined. Pipelining DSP48 input will improve performance.
Related violations: <none>

DPIP-1#8 Warning
Input pipelining  
DSP i_3fgen/component_gen_block[1].prod_b_reg[1] input i_3fgen/component_gen_block[1].prod_b_reg[1]/A[29:0] is not pipelined. Pipelining DSP48 input will improve performance.
Related violations: <none>

DPIP-1#9 Warning
Input pipelining  
DSP i_3fgen/component_gen_block[2].fm_prod_reg_reg[2] input i_3fgen/component_gen_block[2].fm_prod_reg_reg[2]/A[29:0] is not pipelined. Pipelining DSP48 input will improve performance.
Related violations: <none>

DPIP-1#10 Warning
Input pipelining  
DSP i_3fgen/component_gen_block[2].fm_prod_reg_reg[2] input i_3fgen/component_gen_block[2].fm_prod_reg_reg[2]/B[17:0] is not pipelined. Pipelining DSP48 input will improve performance.
Related violations: <none>

DPIP-1#11 Warning
Input pipelining  
DSP i_3fgen/component_gen_block[2].prod_a_reg[2] input i_3fgen/component_gen_block[2].prod_a_reg[2]/A[29:0] is not pipelined. Pipelining DSP48 input will improve performance.
Related violations: <none>

DPIP-1#12 Warning
Input pipelining  
DSP i_3fgen/component_gen_block[2].prod_b_reg[2] input i_3fgen/component_gen_block[2].prod_b_reg[2]/A[29:0] is not pipelined. Pipelining DSP48 input will improve performance.
Related violations: <none>

DPIP-1#13 Warning
Input pipelining  
DSP i_3fgen/p_1_out input i_3fgen/p_1_out/A[29:0] is not pipelined. Pipelining DSP48 input will improve performance.
Related violations: <none>

DPIP-1#14 Warning
Input pipelining  
DSP i_3fgen/p_1_out input i_3fgen/p_1_out/B[17:0] is not pipelined. Pipelining DSP48 input will improve performance.
Related violations: <none>

DPIP-1#15 Warning
Input pipelining  
DSP i_3fgen/p_1_out__0 input i_3fgen/p_1_out__0/A[29:0] is not pipelined. Pipelining DSP48 input will improve performance.
Related violations: <none>

DPIP-1#16 Warning
Input pipelining  
DSP i_3fgen/p_1_out__0 input i_3fgen/p_1_out__0/B[17:0] is not pipelined. Pipelining DSP48 input will improve performance.
Related violations: <none>

DPIP-1#17 Warning
Input pipelining  
DSP i_3fgen/p_1_out__1 input i_3fgen/p_1_out__1/A[29:0] is not pipelined. Pipelining DSP48 input will improve performance.
Related violations: <none>

DPIP-1#18 Warning
Input pipelining  
DSP i_3fgen/p_1_out__1 input i_3fgen/p_1_out__1/B[17:0] is not pipelined. Pipelining DSP48 input will improve performance.
Related violations: <none>

DPIP-1#19 Warning
Input pipelining  
DSP i_asg/ch[0]/dac_mult_reg input i_asg/ch[0]/dac_mult_reg/A[29:0] is not pipelined. Pipelining DSP48 input will improve performance.
Related violations: <none>

DPIP-1#20 Warning
Input pipelining  
DSP i_asg/ch[1]/dac_mult_reg input i_asg/ch[1]/dac_mult_reg/A[29:0] is not pipelined. Pipelining DSP48 input will improve performance.
Related violations: <none>

DPIP-1#21 Warning
Input pipelining  
DSP i_dsp/genblk3[4].iir/p_ay1_module/product0 input i_dsp/genblk3[4].iir/p_ay1_module/product0/A[29:0] is not pipelined. Pipelining DSP48 input will improve performance.
Related violations: <none>

DPIP-1#22 Warning
Input pipelining  
DSP i_dsp/genblk3[4].iir/p_ay1_module/product0 input i_dsp/genblk3[4].iir/p_ay1_module/product0/B[17:0] is not pipelined. Pipelining DSP48 input will improve performance.
Related violations: <none>

DPIP-1#23 Warning
Input pipelining  
DSP i_dsp/genblk3[4].iir/p_ay1_module/product0__0 input i_dsp/genblk3[4].iir/p_ay1_module/product0__0/A[29:0] is not pipelined. Pipelining DSP48 input will improve performance.
Related violations: <none>

DPIP-1#24 Warning
Input pipelining  
DSP i_dsp/genblk3[4].iir/p_ay1_module/product0__0 input i_dsp/genblk3[4].iir/p_ay1_module/product0__0/B[17:0] is not pipelined. Pipelining DSP48 input will improve performance.
Related violations: <none>

DPIP-1#25 Warning
Input pipelining  
DSP i_dsp/genblk3[4].iir/p_ay1_module/product0__1 input i_dsp/genblk3[4].iir/p_ay1_module/product0__1/A[29:0] is not pipelined. Pipelining DSP48 input will improve performance.
Related violations: <none>

DPIP-1#26 Warning
Input pipelining  
DSP i_dsp/genblk3[4].iir/p_ay1_module/product0__1 input i_dsp/genblk3[4].iir/p_ay1_module/product0__1/B[17:0] is not pipelined. Pipelining DSP48 input will improve performance.
Related violations: <none>

DPIP-1#27 Warning
Input pipelining  
DSP i_dsp/genblk3[4].iir/p_ay1_module/product0__2 input i_dsp/genblk3[4].iir/p_ay1_module/product0__2/B[17:0] is not pipelined. Pipelining DSP48 input will improve performance.
Related violations: <none>

DPIP-1#28 Warning
Input pipelining  
DSP i_dsp/genblk3[4].iir/p_ay2_module/product0 input i_dsp/genblk3[4].iir/p_ay2_module/product0/A[29:0] is not pipelined. Pipelining DSP48 input will improve performance.
Related violations: <none>

DPIP-1#29 Warning
Input pipelining  
DSP i_dsp/genblk3[4].iir/p_ay2_module/product0 input i_dsp/genblk3[4].iir/p_ay2_module/product0/B[17:0] is not pipelined. Pipelining DSP48 input will improve performance.
Related violations: <none>

DPIP-1#30 Warning
Input pipelining  
DSP i_dsp/genblk3[4].iir/p_ay2_module/product0__0 input i_dsp/genblk3[4].iir/p_ay2_module/product0__0/A[29:0] is not pipelined. Pipelining DSP48 input will improve performance.
Related violations: <none>

DPIP-1#31 Warning
Input pipelining  
DSP i_dsp/genblk3[4].iir/p_ay2_module/product0__0 input i_dsp/genblk3[4].iir/p_ay2_module/product0__0/B[17:0] is not pipelined. Pipelining DSP48 input will improve performance.
Related violations: <none>

DPIP-1#32 Warning
Input pipelining  
DSP i_dsp/genblk3[4].iir/p_ay2_module/product0__1 input i_dsp/genblk3[4].iir/p_ay2_module/product0__1/A[29:0] is not pipelined. Pipelining DSP48 input will improve performance.
Related violations: <none>

DPIP-1#33 Warning
Input pipelining  
DSP i_dsp/genblk3[4].iir/p_ay2_module/product0__1 input i_dsp/genblk3[4].iir/p_ay2_module/product0__1/B[17:0] is not pipelined. Pipelining DSP48 input will improve performance.
Related violations: <none>

DPIP-1#34 Warning
Input pipelining  
DSP i_dsp/genblk3[4].iir/p_ay2_module/product0__2 input i_dsp/genblk3[4].iir/p_ay2_module/product0__2/B[17:0] is not pipelined. Pipelining DSP48 input will improve performance.
Related violations: <none>

DPIP-1#35 Warning
Input pipelining  
DSP i_dsp/genblk3[4].iir/p_bx0_module/product0 input i_dsp/genblk3[4].iir/p_bx0_module/product0/A[29:0] is not pipelined. Pipelining DSP48 input will improve performance.
Related violations: <none>

DPIP-1#36 Warning
Input pipelining  
DSP i_dsp/genblk3[4].iir/p_bx0_module/product0 input i_dsp/genblk3[4].iir/p_bx0_module/product0/B[17:0] is not pipelined. Pipelining DSP48 input will improve performance.
Related violations: <none>

DPIP-1#37 Warning
Input pipelining  
DSP i_dsp/genblk3[4].iir/p_bx0_module/product0__0 input i_dsp/genblk3[4].iir/p_bx0_module/product0__0/A[29:0] is not pipelined. Pipelining DSP48 input will improve performance.
Related violations: <none>

DPIP-1#38 Warning
Input pipelining  
DSP i_dsp/genblk3[4].iir/p_bx0_module/product0__0 input i_dsp/genblk3[4].iir/p_bx0_module/product0__0/B[17:0] is not pipelined. Pipelining DSP48 input will improve performance.
Related violations: <none>

DPIP-1#39 Warning
Input pipelining  
DSP i_dsp/genblk3[4].iir/p_bx0_module/product0__1 input i_dsp/genblk3[4].iir/p_bx0_module/product0__1/A[29:0] is not pipelined. Pipelining DSP48 input will improve performance.
Related violations: <none>

DPIP-1#40 Warning
Input pipelining  
DSP i_dsp/genblk3[4].iir/p_bx0_module/product0__1 input i_dsp/genblk3[4].iir/p_bx0_module/product0__1/B[17:0] is not pipelined. Pipelining DSP48 input will improve performance.
Related violations: <none>

DPIP-1#41 Warning
Input pipelining  
DSP i_dsp/genblk3[4].iir/p_bx0_module/product0__2 input i_dsp/genblk3[4].iir/p_bx0_module/product0__2/B[17:0] is not pipelined. Pipelining DSP48 input will improve performance.
Related violations: <none>

DPIP-1#42 Warning
Input pipelining  
DSP i_dsp/genblk3[4].iir/p_bx1_module/product0 input i_dsp/genblk3[4].iir/p_bx1_module/product0/A[29:0] is not pipelined. Pipelining DSP48 input will improve performance.
Related violations: <none>

DPIP-1#43 Warning
Input pipelining  
DSP i_dsp/genblk3[4].iir/p_bx1_module/product0 input i_dsp/genblk3[4].iir/p_bx1_module/product0/B[17:0] is not pipelined. Pipelining DSP48 input will improve performance.
Related violations: <none>

DPIP-1#44 Warning
Input pipelining  
DSP i_dsp/genblk3[4].iir/p_bx1_module/product0__0 input i_dsp/genblk3[4].iir/p_bx1_module/product0__0/A[29:0] is not pipelined. Pipelining DSP48 input will improve performance.
Related violations: <none>

DPIP-1#45 Warning
Input pipelining  
DSP i_dsp/genblk3[4].iir/p_bx1_module/product0__0 input i_dsp/genblk3[4].iir/p_bx1_module/product0__0/B[17:0] is not pipelined. Pipelining DSP48 input will improve performance.
Related violations: <none>

DPIP-1#46 Warning
Input pipelining  
DSP i_dsp/genblk3[4].iir/p_bx1_module/product0__1 input i_dsp/genblk3[4].iir/p_bx1_module/product0__1/A[29:0] is not pipelined. Pipelining DSP48 input will improve performance.
Related violations: <none>

DPIP-1#47 Warning
Input pipelining  
DSP i_dsp/genblk3[4].iir/p_bx1_module/product0__1 input i_dsp/genblk3[4].iir/p_bx1_module/product0__1/B[17:0] is not pipelined. Pipelining DSP48 input will improve performance.
Related violations: <none>

DPIP-1#48 Warning
Input pipelining  
DSP i_dsp/genblk3[4].iir/p_bx1_module/product0__2 input i_dsp/genblk3[4].iir/p_bx1_module/product0__2/B[17:0] is not pipelined. Pipelining DSP48 input will improve performance.
Related violations: <none>

DPIP-1#49 Warning
Input pipelining  
DSP i_dsp/genblk4[5].iq/demodulator/product1_reg input i_dsp/genblk4[5].iq/demodulator/product1_reg/A[29:0] is not pipelined. Pipelining DSP48 input will improve performance.
Related violations: <none>

DPIP-1#50 Warning
Input pipelining  
DSP i_dsp/genblk5[6].iq/demodulator/product1_reg input i_dsp/genblk5[6].iq/demodulator/product1_reg/A[29:0] is not pipelined. Pipelining DSP48 input will improve performance.
Related violations: <none>

DPIP-1#51 Warning
Input pipelining  
DSP i_dsp/genblk6[7].iq_2_outputs/demodulator/product1_reg input i_dsp/genblk6[7].iq_2_outputs/demodulator/product1_reg/A[29:0] is not pipelined. Pipelining DSP48 input will improve performance.
Related violations: <none>

DPOP-1#1 Warning
PREG Output pipelining  
DSP i_3fgen/p_1_out output i_3fgen/p_1_out/P[47:0] is not pipelined (PREG=0). Pipelining the DSP48 output will improve performance and often saves power so it is suggested whenever possible to fully pipeline this function.  If this DSP48 function was inferred, it is suggested to describe an additional register stage after this function.  If the DSP48 was instantiated in the design, it is suggested to set the PREG attribute to 1.
Related violations: <none>

DPOP-1#2 Warning
PREG Output pipelining  
DSP i_3fgen/p_1_out__0 output i_3fgen/p_1_out__0/P[47:0] is not pipelined (PREG=0). Pipelining the DSP48 output will improve performance and often saves power so it is suggested whenever possible to fully pipeline this function.  If this DSP48 function was inferred, it is suggested to describe an additional register stage after this function.  If the DSP48 was instantiated in the design, it is suggested to set the PREG attribute to 1.
Related violations: <none>

DPOP-1#3 Warning
PREG Output pipelining  
DSP i_3fgen/p_1_out__1 output i_3fgen/p_1_out__1/P[47:0] is not pipelined (PREG=0). Pipelining the DSP48 output will improve performance and often saves power so it is suggested whenever possible to fully pipeline this function.  If this DSP48 function was inferred, it is suggested to describe an additional register stage after this function.  If the DSP48 was instantiated in the design, it is suggested to set the PREG attribute to 1.
Related violations: <none>

DPOP-1#4 Warning
PREG Output pipelining  
DSP i_dsp/genblk3[4].iir/p_ay1_module/product0 output i_dsp/genblk3[4].iir/p_ay1_module/product0/P[47:0] is not pipelined (PREG=0). Pipelining the DSP48 output will improve performance and often saves power so it is suggested whenever possible to fully pipeline this function.  If this DSP48 function was inferred, it is suggested to describe an additional register stage after this function.  If the DSP48 was instantiated in the design, it is suggested to set the PREG attribute to 1.
Related violations: <none>

DPOP-1#5 Warning
PREG Output pipelining  
DSP i_dsp/genblk3[4].iir/p_ay1_module/product0__0 output i_dsp/genblk3[4].iir/p_ay1_module/product0__0/P[47:0] is not pipelined (PREG=0). Pipelining the DSP48 output will improve performance and often saves power so it is suggested whenever possible to fully pipeline this function.  If this DSP48 function was inferred, it is suggested to describe an additional register stage after this function.  If the DSP48 was instantiated in the design, it is suggested to set the PREG attribute to 1.
Related violations: <none>

DPOP-1#6 Warning
PREG Output pipelining  
DSP i_dsp/genblk3[4].iir/p_ay1_module/product0__1 output i_dsp/genblk3[4].iir/p_ay1_module/product0__1/P[47:0] is not pipelined (PREG=0). Pipelining the DSP48 output will improve performance and often saves power so it is suggested whenever possible to fully pipeline this function.  If this DSP48 function was inferred, it is suggested to describe an additional register stage after this function.  If the DSP48 was instantiated in the design, it is suggested to set the PREG attribute to 1.
Related violations: <none>

DPOP-1#7 Warning
PREG Output pipelining  
DSP i_dsp/genblk3[4].iir/p_ay1_module/product0__2 output i_dsp/genblk3[4].iir/p_ay1_module/product0__2/P[47:0] is not pipelined (PREG=0). Pipelining the DSP48 output will improve performance and often saves power so it is suggested whenever possible to fully pipeline this function.  If this DSP48 function was inferred, it is suggested to describe an additional register stage after this function.  If the DSP48 was instantiated in the design, it is suggested to set the PREG attribute to 1.
Related violations: <none>

DPOP-1#8 Warning
PREG Output pipelining  
DSP i_dsp/genblk3[4].iir/p_ay2_module/product0 output i_dsp/genblk3[4].iir/p_ay2_module/product0/P[47:0] is not pipelined (PREG=0). Pipelining the DSP48 output will improve performance and often saves power so it is suggested whenever possible to fully pipeline this function.  If this DSP48 function was inferred, it is suggested to describe an additional register stage after this function.  If the DSP48 was instantiated in the design, it is suggested to set the PREG attribute to 1.
Related violations: <none>

DPOP-1#9 Warning
PREG Output pipelining  
DSP i_dsp/genblk3[4].iir/p_ay2_module/product0__0 output i_dsp/genblk3[4].iir/p_ay2_module/product0__0/P[47:0] is not pipelined (PREG=0). Pipelining the DSP48 output will improve performance and often saves power so it is suggested whenever possible to fully pipeline this function.  If this DSP48 function was inferred, it is suggested to describe an additional register stage after this function.  If the DSP48 was instantiated in the design, it is suggested to set the PREG attribute to 1.
Related violations: <none>

DPOP-1#10 Warning
PREG Output pipelining  
DSP i_dsp/genblk3[4].iir/p_ay2_module/product0__1 output i_dsp/genblk3[4].iir/p_ay2_module/product0__1/P[47:0] is not pipelined (PREG=0). Pipelining the DSP48 output will improve performance and often saves power so it is suggested whenever possible to fully pipeline this function.  If this DSP48 function was inferred, it is suggested to describe an additional register stage after this function.  If the DSP48 was instantiated in the design, it is suggested to set the PREG attribute to 1.
Related violations: <none>

DPOP-1#11 Warning
PREG Output pipelining  
DSP i_dsp/genblk3[4].iir/p_ay2_module/product0__2 output i_dsp/genblk3[4].iir/p_ay2_module/product0__2/P[47:0] is not pipelined (PREG=0). Pipelining the DSP48 output will improve performance and often saves power so it is suggested whenever possible to fully pipeline this function.  If this DSP48 function was inferred, it is suggested to describe an additional register stage after this function.  If the DSP48 was instantiated in the design, it is suggested to set the PREG attribute to 1.
Related violations: <none>

DPOP-1#12 Warning
PREG Output pipelining  
DSP i_dsp/genblk3[4].iir/p_bx0_module/product0 output i_dsp/genblk3[4].iir/p_bx0_module/product0/P[47:0] is not pipelined (PREG=0). Pipelining the DSP48 output will improve performance and often saves power so it is suggested whenever possible to fully pipeline this function.  If this DSP48 function was inferred, it is suggested to describe an additional register stage after this function.  If the DSP48 was instantiated in the design, it is suggested to set the PREG attribute to 1.
Related violations: <none>

DPOP-1#13 Warning
PREG Output pipelining  
DSP i_dsp/genblk3[4].iir/p_bx0_module/product0__0 output i_dsp/genblk3[4].iir/p_bx0_module/product0__0/P[47:0] is not pipelined (PREG=0). Pipelining the DSP48 output will improve performance and often saves power so it is suggested whenever possible to fully pipeline this function.  If this DSP48 function was inferred, it is suggested to describe an additional register stage after this function.  If the DSP48 was instantiated in the design, it is suggested to set the PREG attribute to 1.
Related violations: <none>

DPOP-1#14 Warning
PREG Output pipelining  
DSP i_dsp/genblk3[4].iir/p_bx0_module/product0__1 output i_dsp/genblk3[4].iir/p_bx0_module/product0__1/P[47:0] is not pipelined (PREG=0). Pipelining the DSP48 output will improve performance and often saves power so it is suggested whenever possible to fully pipeline this function.  If this DSP48 function was inferred, it is suggested to describe an additional register stage after this function.  If the DSP48 was instantiated in the design, it is suggested to set the PREG attribute to 1.
Related violations: <none>

DPOP-1#15 Warning
PREG Output pipelining  
DSP i_dsp/genblk3[4].iir/p_bx0_module/product0__2 output i_dsp/genblk3[4].iir/p_bx0_module/product0__2/P[47:0] is not pipelined (PREG=0). Pipelining the DSP48 output will improve performance and often saves power so it is suggested whenever possible to fully pipeline this function.  If this DSP48 function was inferred, it is suggested to describe an additional register stage after this function.  If the DSP48 was instantiated in the design, it is suggested to set the PREG attribute to 1.
Related violations: <none>

DPOP-1#16 Warning
PREG Output pipelining  
DSP i_dsp/genblk3[4].iir/p_bx1_module/product0 output i_dsp/genblk3[4].iir/p_bx1_module/product0/P[47:0] is not pipelined (PREG=0). Pipelining the DSP48 output will improve performance and often saves power so it is suggested whenever possible to fully pipeline this function.  If this DSP48 function was inferred, it is suggested to describe an additional register stage after this function.  If the DSP48 was instantiated in the design, it is suggested to set the PREG attribute to 1.
Related violations: <none>

DPOP-1#17 Warning
PREG Output pipelining  
DSP i_dsp/genblk3[4].iir/p_bx1_module/product0__0 output i_dsp/genblk3[4].iir/p_bx1_module/product0__0/P[47:0] is not pipelined (PREG=0). Pipelining the DSP48 output will improve performance and often saves power so it is suggested whenever possible to fully pipeline this function.  If this DSP48 function was inferred, it is suggested to describe an additional register stage after this function.  If the DSP48 was instantiated in the design, it is suggested to set the PREG attribute to 1.
Related violations: <none>

DPOP-1#18 Warning
PREG Output pipelining  
DSP i_dsp/genblk3[4].iir/p_bx1_module/product0__1 output i_dsp/genblk3[4].iir/p_bx1_module/product0__1/P[47:0] is not pipelined (PREG=0). Pipelining the DSP48 output will improve performance and often saves power so it is suggested whenever possible to fully pipeline this function.  If this DSP48 function was inferred, it is suggested to describe an additional register stage after this function.  If the DSP48 was instantiated in the design, it is suggested to set the PREG attribute to 1.
Related violations: <none>

DPOP-1#19 Warning
PREG Output pipelining  
DSP i_dsp/genblk3[4].iir/p_bx1_module/product0__2 output i_dsp/genblk3[4].iir/p_bx1_module/product0__2/P[47:0] is not pipelined (PREG=0). Pipelining the DSP48 output will improve performance and often saves power so it is suggested whenever possible to fully pipeline this function.  If this DSP48 function was inferred, it is suggested to describe an additional register stage after this function.  If the DSP48 was instantiated in the design, it is suggested to set the PREG attribute to 1.
Related violations: <none>

DPOP-2#1 Warning
MREG Output pipelining  
DSP i_3fgen/component_gen_block[0].fm_dev_scaled_reg_reg[0] multiplier stage i_3fgen/component_gen_block[0].fm_dev_scaled_reg_reg[0]/P[47:0] is not pipelined (MREG=0). Pipelining the multiplier function will improve performance and will save significant power so it is suggested whenever possible to fully pipeline this function.  If this multiplier was inferred, it is suggested to describe an additional register stage after this function.  If there is no registered adder/accumulator following the multiply function, two pipeline stages are suggested to allow both the MREG and PREG registers to be used.  If the DSP48 was instantiated in the design, it is suggested to set both the MREG and PREG attributes to 1 when performing multiply functions.
Related violations: <none>

DPOP-2#2 Warning
MREG Output pipelining  
DSP i_3fgen/component_gen_block[0].fm_prod_reg_reg[0] multiplier stage i_3fgen/component_gen_block[0].fm_prod_reg_reg[0]/P[47:0] is not pipelined (MREG=0). Pipelining the multiplier function will improve performance and will save significant power so it is suggested whenever possible to fully pipeline this function.  If this multiplier was inferred, it is suggested to describe an additional register stage after this function.  If there is no registered adder/accumulator following the multiply function, two pipeline stages are suggested to allow both the MREG and PREG registers to be used.  If the DSP48 was instantiated in the design, it is suggested to set both the MREG and PREG attributes to 1 when performing multiply functions.
Related violations: <none>

DPOP-2#3 Warning
MREG Output pipelining  
DSP i_3fgen/component_gen_block[0].prod_a_reg[0] multiplier stage i_3fgen/component_gen_block[0].prod_a_reg[0]/P[47:0] is not pipelined (MREG=0). Pipelining the multiplier function will improve performance and will save significant power so it is suggested whenever possible to fully pipeline this function.  If this multiplier was inferred, it is suggested to describe an additional register stage after this function.  If there is no registered adder/accumulator following the multiply function, two pipeline stages are suggested to allow both the MREG and PREG registers to be used.  If the DSP48 was instantiated in the design, it is suggested to set both the MREG and PREG attributes to 1 when performing multiply functions.
Related violations: <none>

DPOP-2#4 Warning
MREG Output pipelining  
DSP i_3fgen/component_gen_block[0].prod_b_reg[0] multiplier stage i_3fgen/component_gen_block[0].prod_b_reg[0]/P[47:0] is not pipelined (MREG=0). Pipelining the multiplier function will improve performance and will save significant power so it is suggested whenever possible to fully pipeline this function.  If this multiplier was inferred, it is suggested to describe an additional register stage after this function.  If there is no registered adder/accumulator following the multiply function, two pipeline stages are suggested to allow both the MREG and PREG registers to be used.  If the DSP48 was instantiated in the design, it is suggested to set both the MREG and PREG attributes to 1 when performing multiply functions.
Related violations: <none>

DPOP-2#5 Warning
MREG Output pipelining  
DSP i_3fgen/component_gen_block[1].fm_dev_scaled_reg_reg[1] multiplier stage i_3fgen/component_gen_block[1].fm_dev_scaled_reg_reg[1]/P[47:0] is not pipelined (MREG=0). Pipelining the multiplier function will improve performance and will save significant power so it is suggested whenever possible to fully pipeline this function.  If this multiplier was inferred, it is suggested to describe an additional register stage after this function.  If there is no registered adder/accumulator following the multiply function, two pipeline stages are suggested to allow both the MREG and PREG registers to be used.  If the DSP48 was instantiated in the design, it is suggested to set both the MREG and PREG attributes to 1 when performing multiply functions.
Related violations: <none>

DPOP-2#6 Warning
MREG Output pipelining  
DSP i_3fgen/component_gen_block[1].fm_prod_reg_reg[1] multiplier stage i_3fgen/component_gen_block[1].fm_prod_reg_reg[1]/P[47:0] is not pipelined (MREG=0). Pipelining the multiplier function will improve performance and will save significant power so it is suggested whenever possible to fully pipeline this function.  If this multiplier was inferred, it is suggested to describe an additional register stage after this function.  If there is no registered adder/accumulator following the multiply function, two pipeline stages are suggested to allow both the MREG and PREG registers to be used.  If the DSP48 was instantiated in the design, it is suggested to set both the MREG and PREG attributes to 1 when performing multiply functions.
Related violations: <none>

DPOP-2#7 Warning
MREG Output pipelining  
DSP i_3fgen/component_gen_block[1].prod_a_reg[1] multiplier stage i_3fgen/component_gen_block[1].prod_a_reg[1]/P[47:0] is not pipelined (MREG=0). Pipelining the multiplier function will improve performance and will save significant power so it is suggested whenever possible to fully pipeline this function.  If this multiplier was inferred, it is suggested to describe an additional register stage after this function.  If there is no registered adder/accumulator following the multiply function, two pipeline stages are suggested to allow both the MREG and PREG registers to be used.  If the DSP48 was instantiated in the design, it is suggested to set both the MREG and PREG attributes to 1 when performing multiply functions.
Related violations: <none>

DPOP-2#8 Warning
MREG Output pipelining  
DSP i_3fgen/component_gen_block[1].prod_b_reg[1] multiplier stage i_3fgen/component_gen_block[1].prod_b_reg[1]/P[47:0] is not pipelined (MREG=0). Pipelining the multiplier function will improve performance and will save significant power so it is suggested whenever possible to fully pipeline this function.  If this multiplier was inferred, it is suggested to describe an additional register stage after this function.  If there is no registered adder/accumulator following the multiply function, two pipeline stages are suggested to allow both the MREG and PREG registers to be used.  If the DSP48 was instantiated in the design, it is suggested to set both the MREG and PREG attributes to 1 when performing multiply functions.
Related violations: <none>

DPOP-2#9 Warning
MREG Output pipelining  
DSP i_3fgen/component_gen_block[2].fm_dev_scaled_reg_reg[2] multiplier stage i_3fgen/component_gen_block[2].fm_dev_scaled_reg_reg[2]/P[47:0] is not pipelined (MREG=0). Pipelining the multiplier function will improve performance and will save significant power so it is suggested whenever possible to fully pipeline this function.  If this multiplier was inferred, it is suggested to describe an additional register stage after this function.  If there is no registered adder/accumulator following the multiply function, two pipeline stages are suggested to allow both the MREG and PREG registers to be used.  If the DSP48 was instantiated in the design, it is suggested to set both the MREG and PREG attributes to 1 when performing multiply functions.
Related violations: <none>

DPOP-2#10 Warning
MREG Output pipelining  
DSP i_3fgen/component_gen_block[2].fm_prod_reg_reg[2] multiplier stage i_3fgen/component_gen_block[2].fm_prod_reg_reg[2]/P[47:0] is not pipelined (MREG=0). Pipelining the multiplier function will improve performance and will save significant power so it is suggested whenever possible to fully pipeline this function.  If this multiplier was inferred, it is suggested to describe an additional register stage after this function.  If there is no registered adder/accumulator following the multiply function, two pipeline stages are suggested to allow both the MREG and PREG registers to be used.  If the DSP48 was instantiated in the design, it is suggested to set both the MREG and PREG attributes to 1 when performing multiply functions.
Related violations: <none>

DPOP-2#11 Warning
MREG Output pipelining  
DSP i_3fgen/component_gen_block[2].prod_a_reg[2] multiplier stage i_3fgen/component_gen_block[2].prod_a_reg[2]/P[47:0] is not pipelined (MREG=0). Pipelining the multiplier function will improve performance and will save significant power so it is suggested whenever possible to fully pipeline this function.  If this multiplier was inferred, it is suggested to describe an additional register stage after this function.  If there is no registered adder/accumulator following the multiply function, two pipeline stages are suggested to allow both the MREG and PREG registers to be used.  If the DSP48 was instantiated in the design, it is suggested to set both the MREG and PREG attributes to 1 when performing multiply functions.
Related violations: <none>

DPOP-2#12 Warning
MREG Output pipelining  
DSP i_3fgen/component_gen_block[2].prod_b_reg[2] multiplier stage i_3fgen/component_gen_block[2].prod_b_reg[2]/P[47:0] is not pipelined (MREG=0). Pipelining the multiplier function will improve performance and will save significant power so it is suggested whenever possible to fully pipeline this function.  If this multiplier was inferred, it is suggested to describe an additional register stage after this function.  If there is no registered adder/accumulator following the multiply function, two pipeline stages are suggested to allow both the MREG and PREG registers to be used.  If the DSP48 was instantiated in the design, it is suggested to set both the MREG and PREG attributes to 1 when performing multiply functions.
Related violations: <none>

DPOP-2#13 Warning
MREG Output pipelining  
DSP i_3fgen/p_1_out multiplier stage i_3fgen/p_1_out/P[47:0] is not pipelined (MREG=0). Pipelining the multiplier function will improve performance and will save significant power so it is suggested whenever possible to fully pipeline this function.  If this multiplier was inferred, it is suggested to describe an additional register stage after this function.  If there is no registered adder/accumulator following the multiply function, two pipeline stages are suggested to allow both the MREG and PREG registers to be used.  If the DSP48 was instantiated in the design, it is suggested to set both the MREG and PREG attributes to 1 when performing multiply functions.
Related violations: <none>

DPOP-2#14 Warning
MREG Output pipelining  
DSP i_3fgen/p_1_out__0 multiplier stage i_3fgen/p_1_out__0/P[47:0] is not pipelined (MREG=0). Pipelining the multiplier function will improve performance and will save significant power so it is suggested whenever possible to fully pipeline this function.  If this multiplier was inferred, it is suggested to describe an additional register stage after this function.  If there is no registered adder/accumulator following the multiply function, two pipeline stages are suggested to allow both the MREG and PREG registers to be used.  If the DSP48 was instantiated in the design, it is suggested to set both the MREG and PREG attributes to 1 when performing multiply functions.
Related violations: <none>

DPOP-2#15 Warning
MREG Output pipelining  
DSP i_3fgen/p_1_out__1 multiplier stage i_3fgen/p_1_out__1/P[47:0] is not pipelined (MREG=0). Pipelining the multiplier function will improve performance and will save significant power so it is suggested whenever possible to fully pipeline this function.  If this multiplier was inferred, it is suggested to describe an additional register stage after this function.  If there is no registered adder/accumulator following the multiply function, two pipeline stages are suggested to allow both the MREG and PREG registers to be used.  If the DSP48 was instantiated in the design, it is suggested to set both the MREG and PREG attributes to 1 when performing multiply functions.
Related violations: <none>

DPOP-2#16 Warning
MREG Output pipelining  
DSP i_dsp/genblk3[4].iir/p_ay1_module/product0 multiplier stage i_dsp/genblk3[4].iir/p_ay1_module/product0/P[47:0] is not pipelined (MREG=0). Pipelining the multiplier function will improve performance and will save significant power so it is suggested whenever possible to fully pipeline this function.  If this multiplier was inferred, it is suggested to describe an additional register stage after this function.  If there is no registered adder/accumulator following the multiply function, two pipeline stages are suggested to allow both the MREG and PREG registers to be used.  If the DSP48 was instantiated in the design, it is suggested to set both the MREG and PREG attributes to 1 when performing multiply functions.
Related violations: <none>

DPOP-2#17 Warning
MREG Output pipelining  
DSP i_dsp/genblk3[4].iir/p_ay1_module/product0__0 multiplier stage i_dsp/genblk3[4].iir/p_ay1_module/product0__0/P[47:0] is not pipelined (MREG=0). Pipelining the multiplier function will improve performance and will save significant power so it is suggested whenever possible to fully pipeline this function.  If this multiplier was inferred, it is suggested to describe an additional register stage after this function.  If there is no registered adder/accumulator following the multiply function, two pipeline stages are suggested to allow both the MREG and PREG registers to be used.  If the DSP48 was instantiated in the design, it is suggested to set both the MREG and PREG attributes to 1 when performing multiply functions.
Related violations: <none>

DPOP-2#18 Warning
MREG Output pipelining  
DSP i_dsp/genblk3[4].iir/p_ay1_module/product0__1 multiplier stage i_dsp/genblk3[4].iir/p_ay1_module/product0__1/P[47:0] is not pipelined (MREG=0). Pipelining the multiplier function will improve performance and will save significant power so it is suggested whenever possible to fully pipeline this function.  If this multiplier was inferred, it is suggested to describe an additional register stage after this function.  If there is no registered adder/accumulator following the multiply function, two pipeline stages are suggested to allow both the MREG and PREG registers to be used.  If the DSP48 was instantiated in the design, it is suggested to set both the MREG and PREG attributes to 1 when performing multiply functions.
Related violations: <none>

DPOP-2#19 Warning
MREG Output pipelining  
DSP i_dsp/genblk3[4].iir/p_ay1_module/product0__2 multiplier stage i_dsp/genblk3[4].iir/p_ay1_module/product0__2/P[47:0] is not pipelined (MREG=0). Pipelining the multiplier function will improve performance and will save significant power so it is suggested whenever possible to fully pipeline this function.  If this multiplier was inferred, it is suggested to describe an additional register stage after this function.  If there is no registered adder/accumulator following the multiply function, two pipeline stages are suggested to allow both the MREG and PREG registers to be used.  If the DSP48 was instantiated in the design, it is suggested to set both the MREG and PREG attributes to 1 when performing multiply functions.
Related violations: <none>

DPOP-2#20 Warning
MREG Output pipelining  
DSP i_dsp/genblk3[4].iir/p_ay2_module/product0 multiplier stage i_dsp/genblk3[4].iir/p_ay2_module/product0/P[47:0] is not pipelined (MREG=0). Pipelining the multiplier function will improve performance and will save significant power so it is suggested whenever possible to fully pipeline this function.  If this multiplier was inferred, it is suggested to describe an additional register stage after this function.  If there is no registered adder/accumulator following the multiply function, two pipeline stages are suggested to allow both the MREG and PREG registers to be used.  If the DSP48 was instantiated in the design, it is suggested to set both the MREG and PREG attributes to 1 when performing multiply functions.
Related violations: <none>

DPOP-2#21 Warning
MREG Output pipelining  
DSP i_dsp/genblk3[4].iir/p_ay2_module/product0__0 multiplier stage i_dsp/genblk3[4].iir/p_ay2_module/product0__0/P[47:0] is not pipelined (MREG=0). Pipelining the multiplier function will improve performance and will save significant power so it is suggested whenever possible to fully pipeline this function.  If this multiplier was inferred, it is suggested to describe an additional register stage after this function.  If there is no registered adder/accumulator following the multiply function, two pipeline stages are suggested to allow both the MREG and PREG registers to be used.  If the DSP48 was instantiated in the design, it is suggested to set both the MREG and PREG attributes to 1 when performing multiply functions.
Related violations: <none>

DPOP-2#22 Warning
MREG Output pipelining  
DSP i_dsp/genblk3[4].iir/p_ay2_module/product0__1 multiplier stage i_dsp/genblk3[4].iir/p_ay2_module/product0__1/P[47:0] is not pipelined (MREG=0). Pipelining the multiplier function will improve performance and will save significant power so it is suggested whenever possible to fully pipeline this function.  If this multiplier was inferred, it is suggested to describe an additional register stage after this function.  If there is no registered adder/accumulator following the multiply function, two pipeline stages are suggested to allow both the MREG and PREG registers to be used.  If the DSP48 was instantiated in the design, it is suggested to set both the MREG and PREG attributes to 1 when performing multiply functions.
Related violations: <none>

DPOP-2#23 Warning
MREG Output pipelining  
DSP i_dsp/genblk3[4].iir/p_ay2_module/product0__2 multiplier stage i_dsp/genblk3[4].iir/p_ay2_module/product0__2/P[47:0] is not pipelined (MREG=0). Pipelining the multiplier function will improve performance and will save significant power so it is suggested whenever possible to fully pipeline this function.  If this multiplier was inferred, it is suggested to describe an additional register stage after this function.  If there is no registered adder/accumulator following the multiply function, two pipeline stages are suggested to allow both the MREG and PREG registers to be used.  If the DSP48 was instantiated in the design, it is suggested to set both the MREG and PREG attributes to 1 when performing multiply functions.
Related violations: <none>

DPOP-2#24 Warning
MREG Output pipelining  
DSP i_dsp/genblk3[4].iir/p_bx0_module/product0 multiplier stage i_dsp/genblk3[4].iir/p_bx0_module/product0/P[47:0] is not pipelined (MREG=0). Pipelining the multiplier function will improve performance and will save significant power so it is suggested whenever possible to fully pipeline this function.  If this multiplier was inferred, it is suggested to describe an additional register stage after this function.  If there is no registered adder/accumulator following the multiply function, two pipeline stages are suggested to allow both the MREG and PREG registers to be used.  If the DSP48 was instantiated in the design, it is suggested to set both the MREG and PREG attributes to 1 when performing multiply functions.
Related violations: <none>

DPOP-2#25 Warning
MREG Output pipelining  
DSP i_dsp/genblk3[4].iir/p_bx0_module/product0__0 multiplier stage i_dsp/genblk3[4].iir/p_bx0_module/product0__0/P[47:0] is not pipelined (MREG=0). Pipelining the multiplier function will improve performance and will save significant power so it is suggested whenever possible to fully pipeline this function.  If this multiplier was inferred, it is suggested to describe an additional register stage after this function.  If there is no registered adder/accumulator following the multiply function, two pipeline stages are suggested to allow both the MREG and PREG registers to be used.  If the DSP48 was instantiated in the design, it is suggested to set both the MREG and PREG attributes to 1 when performing multiply functions.
Related violations: <none>

DPOP-2#26 Warning
MREG Output pipelining  
DSP i_dsp/genblk3[4].iir/p_bx0_module/product0__1 multiplier stage i_dsp/genblk3[4].iir/p_bx0_module/product0__1/P[47:0] is not pipelined (MREG=0). Pipelining the multiplier function will improve performance and will save significant power so it is suggested whenever possible to fully pipeline this function.  If this multiplier was inferred, it is suggested to describe an additional register stage after this function.  If there is no registered adder/accumulator following the multiply function, two pipeline stages are suggested to allow both the MREG and PREG registers to be used.  If the DSP48 was instantiated in the design, it is suggested to set both the MREG and PREG attributes to 1 when performing multiply functions.
Related violations: <none>

DPOP-2#27 Warning
MREG Output pipelining  
DSP i_dsp/genblk3[4].iir/p_bx0_module/product0__2 multiplier stage i_dsp/genblk3[4].iir/p_bx0_module/product0__2/P[47:0] is not pipelined (MREG=0). Pipelining the multiplier function will improve performance and will save significant power so it is suggested whenever possible to fully pipeline this function.  If this multiplier was inferred, it is suggested to describe an additional register stage after this function.  If there is no registered adder/accumulator following the multiply function, two pipeline stages are suggested to allow both the MREG and PREG registers to be used.  If the DSP48 was instantiated in the design, it is suggested to set both the MREG and PREG attributes to 1 when performing multiply functions.
Related violations: <none>

DPOP-2#28 Warning
MREG Output pipelining  
DSP i_dsp/genblk3[4].iir/p_bx1_module/product0 multiplier stage i_dsp/genblk3[4].iir/p_bx1_module/product0/P[47:0] is not pipelined (MREG=0). Pipelining the multiplier function will improve performance and will save significant power so it is suggested whenever possible to fully pipeline this function.  If this multiplier was inferred, it is suggested to describe an additional register stage after this function.  If there is no registered adder/accumulator following the multiply function, two pipeline stages are suggested to allow both the MREG and PREG registers to be used.  If the DSP48 was instantiated in the design, it is suggested to set both the MREG and PREG attributes to 1 when performing multiply functions.
Related violations: <none>

DPOP-2#29 Warning
MREG Output pipelining  
DSP i_dsp/genblk3[4].iir/p_bx1_module/product0__0 multiplier stage i_dsp/genblk3[4].iir/p_bx1_module/product0__0/P[47:0] is not pipelined (MREG=0). Pipelining the multiplier function will improve performance and will save significant power so it is suggested whenever possible to fully pipeline this function.  If this multiplier was inferred, it is suggested to describe an additional register stage after this function.  If there is no registered adder/accumulator following the multiply function, two pipeline stages are suggested to allow both the MREG and PREG registers to be used.  If the DSP48 was instantiated in the design, it is suggested to set both the MREG and PREG attributes to 1 when performing multiply functions.
Related violations: <none>

DPOP-2#30 Warning
MREG Output pipelining  
DSP i_dsp/genblk3[4].iir/p_bx1_module/product0__1 multiplier stage i_dsp/genblk3[4].iir/p_bx1_module/product0__1/P[47:0] is not pipelined (MREG=0). Pipelining the multiplier function will improve performance and will save significant power so it is suggested whenever possible to fully pipeline this function.  If this multiplier was inferred, it is suggested to describe an additional register stage after this function.  If there is no registered adder/accumulator following the multiply function, two pipeline stages are suggested to allow both the MREG and PREG registers to be used.  If the DSP48 was instantiated in the design, it is suggested to set both the MREG and PREG attributes to 1 when performing multiply functions.
Related violations: <none>

DPOP-2#31 Warning
MREG Output pipelining  
DSP i_dsp/genblk3[4].iir/p_bx1_module/product0__2 multiplier stage i_dsp/genblk3[4].iir/p_bx1_module/product0__2/P[47:0] is not pipelined (MREG=0). Pipelining the multiplier function will improve performance and will save significant power so it is suggested whenever possible to fully pipeline this function.  If this multiplier was inferred, it is suggested to describe an additional register stage after this function.  If there is no registered adder/accumulator following the multiply function, two pipeline stages are suggested to allow both the MREG and PREG registers to be used.  If the DSP48 was instantiated in the design, it is suggested to set both the MREG and PREG attributes to 1 when performing multiply functions.
Related violations: <none>

DPOP-2#32 Warning
MREG Output pipelining  
DSP i_dsp/genblk4[5].iq/demodulator/product1_reg multiplier stage i_dsp/genblk4[5].iq/demodulator/product1_reg/P[47:0] is not pipelined (MREG=0). Pipelining the multiplier function will improve performance and will save significant power so it is suggested whenever possible to fully pipeline this function.  If this multiplier was inferred, it is suggested to describe an additional register stage after this function.  If there is no registered adder/accumulator following the multiply function, two pipeline stages are suggested to allow both the MREG and PREG registers to be used.  If the DSP48 was instantiated in the design, it is suggested to set both the MREG and PREG attributes to 1 when performing multiply functions.
Related violations: <none>

DPOP-2#33 Warning
MREG Output pipelining  
DSP i_dsp/genblk5[6].iq/demodulator/product1_reg multiplier stage i_dsp/genblk5[6].iq/demodulator/product1_reg/P[47:0] is not pipelined (MREG=0). Pipelining the multiplier function will improve performance and will save significant power so it is suggested whenever possible to fully pipeline this function.  If this multiplier was inferred, it is suggested to describe an additional register stage after this function.  If there is no registered adder/accumulator following the multiply function, two pipeline stages are suggested to allow both the MREG and PREG registers to be used.  If the DSP48 was instantiated in the design, it is suggested to set both the MREG and PREG attributes to 1 when performing multiply functions.
Related violations: <none>

DPOP-2#34 Warning
MREG Output pipelining  
DSP i_dsp/genblk6[7].iq_2_outputs/demodulator/product1_reg multiplier stage i_dsp/genblk6[7].iq_2_outputs/demodulator/product1_reg/P[47:0] is not pipelined (MREG=0). Pipelining the multiplier function will improve performance and will save significant power so it is suggested whenever possible to fully pipeline this function.  If this multiplier was inferred, it is suggested to describe an additional register stage after this function.  If there is no registered adder/accumulator following the multiply function, two pipeline stages are suggested to allow both the MREG and PREG registers to be used.  If the DSP48 was instantiated in the design, it is suggested to set both the MREG and PREG attributes to 1 when performing multiply functions.
Related violations: <none>

PDRC-132#1 Warning
SLICE_PairEqSame_A6A5_WARN  
Luts A6LUT and A5LUT in use in site SLICE_X5Y55 with different equations without A6 pin connected to Global Logic High.
Related violations: <none>

PDRC-132#2 Warning
SLICE_PairEqSame_A6A5_WARN  
Luts A6LUT and A5LUT in use in site SLICE_X7Y50 with different equations without A6 pin connected to Global Logic High.
Related violations: <none>

PDRC-132#3 Warning
SLICE_PairEqSame_A6A5_WARN  
Luts A6LUT and A5LUT in use in site SLICE_X7Y56 with different equations without A6 pin connected to Global Logic High.
Related violations: <none>

PDRC-134#1 Warning
SLICE_PairEqSame_B6B5_WARN  
Luts B6LUT and B5LUT in use in site SLICE_X31Y36 with different equations without A6 pin connected to Global Logic High.
Related violations: <none>

PDRC-134#2 Warning
SLICE_PairEqSame_B6B5_WARN  
Luts B6LUT and B5LUT in use in site SLICE_X31Y57 with different equations without A6 pin connected to Global Logic High.
Related violations: <none>

PDRC-134#3 Warning
SLICE_PairEqSame_B6B5_WARN  
Luts B6LUT and B5LUT in use in site SLICE_X40Y72 with different equations without A6 pin connected to Global Logic High.
Related violations: <none>

PDRC-134#4 Warning
SLICE_PairEqSame_B6B5_WARN  
Luts B6LUT and B5LUT in use in site SLICE_X40Y77 with different equations without A6 pin connected to Global Logic High.
Related violations: <none>

PDRC-134#5 Warning
SLICE_PairEqSame_B6B5_WARN  
Luts B6LUT and B5LUT in use in site SLICE_X5Y55 with different equations without A6 pin connected to Global Logic High.
Related violations: <none>

PDRC-136#1 Warning
SLICE_PairEqSame_C6C5_WARN  
Luts C6LUT and C5LUT in use in site SLICE_X19Y24 with different equations without A6 pin connected to Global Logic High.
Related violations: <none>

PDRC-136#2 Warning
SLICE_PairEqSame_C6C5_WARN  
Luts C6LUT and C5LUT in use in site SLICE_X27Y51 with different equations without A6 pin connected to Global Logic High.
Related violations: <none>

PDRC-136#3 Warning
SLICE_PairEqSame_C6C5_WARN  
Luts C6LUT and C5LUT in use in site SLICE_X31Y57 with different equations without A6 pin connected to Global Logic High.
Related violations: <none>

PDRC-136#4 Warning
SLICE_PairEqSame_C6C5_WARN  
Luts C6LUT and C5LUT in use in site SLICE_X37Y93 with different equations without A6 pin connected to Global Logic High.
Related violations: <none>

PDRC-136#5 Warning
SLICE_PairEqSame_C6C5_WARN  
Luts C6LUT and C5LUT in use in site SLICE_X40Y77 with different equations without A6 pin connected to Global Logic High.
Related violations: <none>

PDRC-136#6 Warning
SLICE_PairEqSame_C6C5_WARN  
Luts C6LUT and C5LUT in use in site SLICE_X5Y55 with different equations without A6 pin connected to Global Logic High.
Related violations: <none>

PDRC-138#1 Warning
SLICE_PairEqSame_D6D5_WARN  
Luts D6LUT and D5LUT in use in site SLICE_X13Y75 with different equations without A6 pin connected to Global Logic High.
Related violations: <none>

PDRC-138#2 Warning
SLICE_PairEqSame_D6D5_WARN  
Luts D6LUT and D5LUT in use in site SLICE_X26Y95 with different equations without A6 pin connected to Global Logic High.
Related violations: <none>

PDRC-138#3 Warning
SLICE_PairEqSame_D6D5_WARN  
Luts D6LUT and D5LUT in use in site SLICE_X27Y51 with different equations without A6 pin connected to Global Logic High.
Related violations: <none>

PDRC-138#4 Warning
SLICE_PairEqSame_D6D5_WARN  
Luts D6LUT and D5LUT in use in site SLICE_X31Y57 with different equations without A6 pin connected to Global Logic High.
Related violations: <none>

PDRC-138#5 Warning
SLICE_PairEqSame_D6D5_WARN  
Luts D6LUT and D5LUT in use in site SLICE_X36Y71 with different equations without A6 pin connected to Global Logic High.
Related violations: <none>

PDRC-138#6 Warning
SLICE_PairEqSame_D6D5_WARN  
Luts D6LUT and D5LUT in use in site SLICE_X37Y93 with different equations without A6 pin connected to Global Logic High.
Related violations: <none>

PDRC-138#7 Warning
SLICE_PairEqSame_D6D5_WARN  
Luts D6LUT and D5LUT in use in site SLICE_X40Y70 with different equations without A6 pin connected to Global Logic High.
Related violations: <none>

PDRC-138#8 Warning
SLICE_PairEqSame_D6D5_WARN  
Luts D6LUT and D5LUT in use in site SLICE_X40Y77 with different equations without A6 pin connected to Global Logic High.
Related violations: <none>

PDRC-138#9 Warning
SLICE_PairEqSame_D6D5_WARN  
Luts D6LUT and D5LUT in use in site SLICE_X5Y55 with different equations without A6 pin connected to Global Logic High.
Related violations: <none>

PDRC-140#1 Warning
SLICE_PairEqSame_A6A5_WARN  
Luts A6LUT and A5LUT in use in site SLICE_X6Y48 with different equations without A6 pin connected to Global Logic High.
Related violations: <none>

PDRC-140#2 Warning
SLICE_PairEqSame_A6A5_WARN  
Luts A6LUT and A5LUT in use in site SLICE_X6Y56 with different equations without A6 pin connected to Global Logic High.
Related violations: <none>

PDRC-142#1 Warning
SLICE_PairEqSame_B6B5_WARN  
Luts B6LUT and B5LUT in use in site SLICE_X42Y61 with different equations without A6 pin connected to Global Logic High.
Related violations: <none>

PDRC-142#2 Warning
SLICE_PairEqSame_B6B5_WARN  
Luts B6LUT and B5LUT in use in site SLICE_X6Y48 with different equations without A6 pin connected to Global Logic High.
Related violations: <none>

PDRC-144#1 Warning
SLICE_PairEqSame_C6C5_WARN  
Luts C6LUT and C5LUT in use in site SLICE_X28Y51 with different equations without A6 pin connected to Global Logic High.
Related violations: <none>

PDRC-144#2 Warning
SLICE_PairEqSame_C6C5_WARN  
Luts C6LUT and C5LUT in use in site SLICE_X42Y61 with different equations without A6 pin connected to Global Logic High.
Related violations: <none>

PDRC-144#3 Warning
SLICE_PairEqSame_C6C5_WARN  
Luts C6LUT and C5LUT in use in site SLICE_X8Y68 with different equations without A6 pin connected to Global Logic High.
Related violations: <none>

PDRC-146#1 Warning
SLICE_PairEqSame_D6D5_WARN  
Luts D6LUT and D5LUT in use in site SLICE_X24Y24 with different equations without A6 pin connected to Global Logic High.
Related violations: <none>

PDRC-146#2 Warning
SLICE_PairEqSame_D6D5_WARN  
Luts D6LUT and D5LUT in use in site SLICE_X24Y67 with different equations without A6 pin connected to Global Logic High.
Related violations: <none>

PDRC-146#3 Warning
SLICE_PairEqSame_D6D5_WARN  
Luts D6LUT and D5LUT in use in site SLICE_X28Y51 with different equations without A6 pin connected to Global Logic High.
Related violations: <none>

PDRC-146#4 Warning
SLICE_PairEqSame_D6D5_WARN  
Luts D6LUT and D5LUT in use in site SLICE_X30Y17 with different equations without A6 pin connected to Global Logic High.
Related violations: <none>

PDRC-146#5 Warning
SLICE_PairEqSame_D6D5_WARN  
Luts D6LUT and D5LUT in use in site SLICE_X32Y93 with different equations without A6 pin connected to Global Logic High.
Related violations: <none>

PDRC-146#6 Warning
SLICE_PairEqSame_D6D5_WARN  
Luts D6LUT and D5LUT in use in site SLICE_X6Y92 with different equations without A6 pin connected to Global Logic High.
Related violations: <none>

PDRC-146#7 Warning
SLICE_PairEqSame_D6D5_WARN  
Luts D6LUT and D5LUT in use in site SLICE_X8Y68 with different equations without A6 pin connected to Global Logic High.
Related violations: <none>

PLIO-8#1 Warning
Placement Constraints Check for IO constraints  
Terminal dac_pwm_o[0] has IOB constraint set to TRUE, but it is either not connected to a FLOP element or the connected FLOP element could not be brought into the I/O.
Related violations: <none>

PLIO-8#2 Warning
Placement Constraints Check for IO constraints  
Terminal dac_pwm_o[1] has IOB constraint set to TRUE, but it is either not connected to a FLOP element or the connected FLOP element could not be brought into the I/O.
Related violations: <none>

PLIO-8#3 Warning
Placement Constraints Check for IO constraints  
Terminal dac_pwm_o[2] has IOB constraint set to TRUE, but it is either not connected to a FLOP element or the connected FLOP element could not be brought into the I/O.
Related violations: <none>

PLIO-8#4 Warning
Placement Constraints Check for IO constraints  
Terminal dac_pwm_o[3] has IOB constraint set to TRUE, but it is either not connected to a FLOP element or the connected FLOP element could not be brought into the I/O.
Related violations: <none>

REQP-1617#1 Warning
use_IOB_register  
The FDRE cell pwm_gen_inst[0].pwm_inst/pwm_o_reg has IOB set to TRUE, but does not connect directly to an IO cell. Remove the constraint or ensure the FDRE is properly connected to an IO.
Related violations: <none>

REQP-1617#2 Warning
use_IOB_register  
The FDRE cell pwm_gen_inst[1].pwm_inst/pwm_o_reg has IOB set to TRUE, but does not connect directly to an IO cell. Remove the constraint or ensure the FDRE is properly connected to an IO.
Related violations: <none>

REQP-1617#3 Warning
use_IOB_register  
The FDRE cell pwm_gen_inst[2].pwm_inst/pwm_o_reg has IOB set to TRUE, but does not connect directly to an IO cell. Remove the constraint or ensure the FDRE is properly connected to an IO.
Related violations: <none>

REQP-1617#4 Warning
use_IOB_register  
The FDRE cell pwm_gen_inst[3].pwm_inst/pwm_o_reg has IOB set to TRUE, but does not connect directly to an IO cell. Remove the constraint or ensure the FDRE is properly connected to an IO.
Related violations: <none>

RTSTAT-10#1 Warning
No routable loads  
1 net(s) have no routable loads. The problem bus(es) and/or net(s) are i_scan/bram_write_valid.
Related violations: <none>


